
> midtownbook@0.1.0 test:design
> playwright test tests/design-system.spec.js


Running 411 tests using 1 worker

⚠️  Found 7 8-point grid violations on /
[
  { element: [32m'P'[39m, property: [32m'marginBottom'[39m, value: [32m'4px'[39m },
  { element: [32m'P'[39m, property: [32m'marginBottom'[39m, value: [32m'4px'[39m },
  { element: [32m'P'[39m, property: [32m'marginBottom'[39m, value: [32m'4px'[39m },
  { element: [32m'P'[39m, property: [32m'marginBottom'[39m, value: [32m'4px'[39m },
  { element: [32m'H3'[39m, property: [32m'marginBottom'[39m, value: [32m'4px'[39m }
]
  ✓    1 [chromium] › tests/design-system.spec.js:87:7 › Design System Compliance › Page: / › validates 8-point grid spacing (1.1s)
⚠️  8 header line-height issues on /
⚠️  4 body line-height issues on /
  ✓    2 [chromium] › tests/design-system.spec.js:133:7 › Design System Compliance › Page: / › validates line height ratios (827ms)
  ✓    3 [chromium] › tests/design-system.spec.js:191:7 › Design System Compliance › Page: / › validates letter spacing standards (779ms)
  ✓    4 [chromium] › tests/design-system.spec.js:240:7 › Design System Compliance › Page: / › validates text line length (50-75 characters) (795ms)
  ✓    5 [chromium] › tests/design-system.spec.js:270:7 › Design System Compliance › Page: / › validates visual hierarchy (automated squint test) (770ms)
⚠️  Found 6 potential contrast issues on /
[
  {
    element: [32m'A'[39m,
    text: [32m'MMidtown BookCommunity Directo'[39m,
    contrast: [32m'27.7'[39m
  },
  { element: [32m'SPAN'[39m, text: [32m'Midtown Book'[39m, contrast: [32m'27.7'[39m },
  { element: [32m'A'[39m, text: [32m'Sign In'[39m, contrast: [32m'27.7'[39m }
]
  ✓    6 [chromium] › tests/design-system.spec.js:307:7 › Design System Compliance › Page: / › validates color contrast for readability (760ms)
  ✓    7 [chromium] › tests/design-system.spec.js:351:7 › Design System Compliance › Page: / › validates consistent section spacing (804ms)
⚠️  6 button padding issues on /
  ✓    8 [chromium] › tests/design-system.spec.js:385:7 › Design System Compliance › Page: / › validates CTAs are clearly visible (797ms)
  ✓    9 [chromium] › tests/design-system.spec.js:423:7 › Design System Compliance › Page: / › validates responsive typography on mobile (815ms)
  ✓   10 [chromium] › tests/design-system.spec.js:453:7 › Design System Compliance › Page: / › validates subtle shadows on cards (796ms)
⚠️  Found 4 8-point grid violations on /businesses
[
  { element: [32m'P'[39m, property: [32m'paddingTop'[39m, value: [32m'12px'[39m },
  { element: [32m'P'[39m, property: [32m'paddingBottom'[39m, value: [32m'12px'[39m },
  { element: [32m'P'[39m, property: [32m'paddingLeft'[39m, value: [32m'12px'[39m },
  { element: [32m'P'[39m, property: [32m'paddingRight'[39m, value: [32m'12px'[39m }
]
  ✓   11 [chromium] › tests/design-system.spec.js:87:7 › Design System Compliance › Page: /businesses › validates 8-point grid spacing (1.8s)
⚠️  1 header line-height issues on /businesses
⚠️  1 body line-height issues on /businesses
  ✓   12 [chromium] › tests/design-system.spec.js:133:7 › Design System Compliance › Page: /businesses › validates line height ratios (1.1s)
  ✓   13 [chromium] › tests/design-system.spec.js:191:7 › Design System Compliance › Page: /businesses › validates letter spacing standards (1.0s)
⚠️  2 paragraphs exceed maximum readable width on /businesses
  ✓   14 [chromium] › tests/design-system.spec.js:240:7 › Design System Compliance › Page: /businesses › validates text line length (50-75 characters) (1.0s)
  ✓   15 [chromium] › tests/design-system.spec.js:270:7 › Design System Compliance › Page: /businesses › validates visual hierarchy (automated squint test) (1.0s)
⚠️  Found 1 potential contrast issues on /businesses
[
  {
    element: [32m'H2'[39m,
    text: [32m'Application error: a client-si'[39m,
    contrast: [32m'27.7'[39m
  }
]
  ✓   16 [chromium] › tests/design-system.spec.js:307:7 › Design System Compliance › Page: /businesses › validates color contrast for readability (1.0s)
  ✓   17 [chromium] › tests/design-system.spec.js:351:7 › Design System Compliance › Page: /businesses › validates consistent section spacing (1.0s)
⚠️  20 button padding issues on /businesses
  ✓   18 [chromium] › tests/design-system.spec.js:385:7 › Design System Compliance › Page: /businesses › validates CTAs are clearly visible (1.1s)
  ✓   19 [chromium] › tests/design-system.spec.js:423:7 › Design System Compliance › Page: /businesses › validates responsive typography on mobile (1.0s)
  ✓   20 [chromium] › tests/design-system.spec.js:453:7 › Design System Compliance › Page: /businesses › validates subtle shadows on cards (1.0s)
⚠️  Found 4 8-point grid violations on /businesses/sunrise-cafe
[
  { element: [32m'P'[39m, property: [32m'paddingTop'[39m, value: [32m'12px'[39m },
  { element: [32m'P'[39m, property: [32m'paddingBottom'[39m, value: [32m'12px'[39m },
  { element: [32m'P'[39m, property: [32m'paddingLeft'[39m, value: [32m'12px'[39m },
  { element: [32m'P'[39m, property: [32m'paddingRight'[39m, value: [32m'12px'[39m }
]
  ✓   21 [chromium] › tests/design-system.spec.js:87:7 › Design System Compliance › Page: /businesses/sunrise-cafe › validates 8-point grid spacing (2.0s)
⚠️  1 header line-height issues on /businesses/sunrise-cafe
⚠️  1 body line-height issues on /businesses/sunrise-cafe
  ✓   22 [chromium] › tests/design-system.spec.js:133:7 › Design System Compliance › Page: /businesses/sunrise-cafe › validates line height ratios (1.0s)
  ✓   23 [chromium] › tests/design-system.spec.js:191:7 › Design System Compliance › Page: /businesses/sunrise-cafe › validates letter spacing standards (1.0s)
⚠️  2 paragraphs exceed maximum readable width on /businesses/sunrise-cafe
  ✓   24 [chromium] › tests/design-system.spec.js:240:7 › Design System Compliance › Page: /businesses/sunrise-cafe › validates text line length (50-75 characters) (1.0s)
  ✓   25 [chromium] › tests/design-system.spec.js:270:7 › Design System Compliance › Page: /businesses/sunrise-cafe › validates visual hierarchy (automated squint test) (997ms)
⚠️  Found 1 potential contrast issues on /businesses/sunrise-cafe
[
  {
    element: [32m'H2'[39m,
    text: [32m'Application error: a client-si'[39m,
    contrast: [32m'27.7'[39m
  }
]
  ✓   26 [chromium] › tests/design-system.spec.js:307:7 › Design System Compliance › Page: /businesses/sunrise-cafe › validates color contrast for readability (984ms)
  ✓   27 [chromium] › tests/design-system.spec.js:351:7 › Design System Compliance › Page: /businesses/sunrise-cafe › validates consistent section spacing (992ms)
⚠️  20 button padding issues on /businesses/sunrise-cafe
  ✓   28 [chromium] › tests/design-system.spec.js:385:7 › Design System Compliance › Page: /businesses/sunrise-cafe › validates CTAs are clearly visible (1.0s)
  ✓   29 [chromium] › tests/design-system.spec.js:423:7 › Design System Compliance › Page: /businesses/sunrise-cafe › validates responsive typography on mobile (1.0s)
  ✓   30 [chromium] › tests/design-system.spec.js:453:7 › Design System Compliance › Page: /businesses/sunrise-cafe › validates subtle shadows on cards (989ms)
⚠️  Found 2 8-point grid violations on /businesses/create
[
  { element: [32m'H3'[39m, property: [32m'marginBottom'[39m, value: [32m'4px'[39m },
  { element: [32m'H3'[39m, property: [32m'marginBottom'[39m, value: [32m'4px'[39m }
]
  ✓   31 [chromium] › tests/design-system.spec.js:87:7 › Design System Compliance › Page: /businesses/create › validates 8-point grid spacing (1.3s)
⚠️  2 header line-height issues on /businesses/create
  ✓   32 [chromium] › tests/design-system.spec.js:133:7 › Design System Compliance › Page: /businesses/create › validates line height ratios (778ms)
  ✓   33 [chromium] › tests/design-system.spec.js:191:7 › Design System Compliance › Page: /businesses/create › validates letter spacing standards (762ms)
⚠️  Paragraph width 846px exceeds 800px on /businesses/create
⚠️  Paragraph width 846px exceeds 800px on /businesses/create
  ✓   34 [chromium] › tests/design-system.spec.js:240:7 › Design System Compliance › Page: /businesses/create › validates text line length (50-75 characters) (770ms)
⚠️  H2 is only 1.33x larger than body text (recommend 1.5x+) on /businesses/create
  ✓   35 [chromium] › tests/design-system.spec.js:270:7 › Design System Compliance › Page: /businesses/create › validates visual hierarchy (automated squint test) (733ms)
⚠️  Found 4 potential contrast issues on /businesses/create
[
  {
    element: [32m'A'[39m,
    text: [32m'MMidtown BookCommunity Directo'[39m,
    contrast: [32m'27.7'[39m
  },
  { element: [32m'SPAN'[39m, text: [32m'Midtown Book'[39m, contrast: [32m'27.7'[39m },
  { element: [32m'A'[39m, text: [32m'Sign In'[39m, contrast: [32m'27.7'[39m }
]
  ✓   36 [chromium] › tests/design-system.spec.js:307:7 › Design System Compliance › Page: /businesses/create › validates color contrast for readability (736ms)
  ✓   37 [chromium] › tests/design-system.spec.js:351:7 › Design System Compliance › Page: /businesses/create › validates consistent section spacing (735ms)
⚠️  11 button padding issues on /businesses/create
  ✓   38 [chromium] › tests/design-system.spec.js:385:7 › Design System Compliance › Page: /businesses/create › validates CTAs are clearly visible (772ms)
  ✓   39 [chromium] › tests/design-system.spec.js:423:7 › Design System Compliance › Page: /businesses/create › validates responsive typography on mobile (747ms)
  ✓   40 [chromium] › tests/design-system.spec.js:453:7 › Design System Compliance › Page: /businesses/create › validates subtle shadows on cards (751ms)
  ✓   41 [chromium] › tests/design-system.spec.js:87:7 › Design System Compliance › Page: /businesses/sunrise-cafe/claim › validates 8-point grid spacing (1.4s)
⚠️  5 header line-height issues on /businesses/sunrise-cafe/claim
  ✓   42 [chromium] › tests/design-system.spec.js:133:7 › Design System Compliance › Page: /businesses/sunrise-cafe/claim › validates line height ratios (789ms)
  ✓   43 [chromium] › tests/design-system.spec.js:191:7 › Design System Compliance › Page: /businesses/sunrise-cafe/claim › validates letter spacing standards (771ms)
⚠️  Paragraph width 846px exceeds 800px on /businesses/sunrise-cafe/claim
  ✓   44 [chromium] › tests/design-system.spec.js:240:7 › Design System Compliance › Page: /businesses/sunrise-cafe/claim › validates text line length (50-75 characters) (771ms)
⚠️  H2 is only 1.33x larger than body text (recommend 1.5x+) on /businesses/sunrise-cafe/claim
  ✓   45 [chromium] › tests/design-system.spec.js:270:7 › Design System Compliance › Page: /businesses/sunrise-cafe/claim › validates visual hierarchy (automated squint test) (747ms)
⚠️  Found 4 potential contrast issues on /businesses/sunrise-cafe/claim
[
  {
    element: [32m'A'[39m,
    text: [32m'MMidtown BookCommunity Directo'[39m,
    contrast: [32m'27.7'[39m
  },
  { element: [32m'SPAN'[39m, text: [32m'Midtown Book'[39m, contrast: [32m'27.7'[39m },
  { element: [32m'A'[39m, text: [32m'Sign In'[39m, contrast: [32m'27.7'[39m }
]
  ✓   46 [chromium] › tests/design-system.spec.js:307:7 › Design System Compliance › Page: /businesses/sunrise-cafe/claim › validates color contrast for readability (743ms)
  ✓   47 [chromium] › tests/design-system.spec.js:351:7 › Design System Compliance › Page: /businesses/sunrise-cafe/claim › validates consistent section spacing (767ms)
⚠️  6 button padding issues on /businesses/sunrise-cafe/claim
  ✓   48 [chromium] › tests/design-system.spec.js:385:7 › Design System Compliance › Page: /businesses/sunrise-cafe/claim › validates CTAs are clearly visible (775ms)
  ✓   49 [chromium] › tests/design-system.spec.js:423:7 › Design System Compliance › Page: /businesses/sunrise-cafe/claim › validates responsive typography on mobile (761ms)
  ✓   50 [chromium] › tests/design-system.spec.js:453:7 › Design System Compliance › Page: /businesses/sunrise-cafe/claim › validates subtle shadows on cards (756ms)
⚠️  Found 8 8-point grid violations on /businesses/sunrise-cafe/claim/success
[
  { element: [32m'H3'[39m, property: [32m'marginBottom'[39m, value: [32m'4px'[39m },
  { element: [32m'H3'[39m, property: [32m'marginBottom'[39m, value: [32m'4px'[39m },
  { element: [32m'H3'[39m, property: [32m'marginBottom'[39m, value: [32m'4px'[39m },
  { element: [32m'H3'[39m, property: [32m'marginBottom'[39m, value: [32m'4px'[39m },
  { element: [32m'P'[39m, property: [32m'marginBottom'[39m, value: [32m'4px'[39m }
]
  ✓   51 [chromium] › tests/design-system.spec.js:87:7 › Design System Compliance › Page: /businesses/sunrise-cafe/claim/success › validates 8-point grid spacing (1.4s)
⚠️  6 header line-height issues on /businesses/sunrise-cafe/claim/success
  ✓   52 [chromium] › tests/design-system.spec.js:133:7 › Design System Compliance › Page: /businesses/sunrise-cafe/claim/success › validates line height ratios (807ms)
  ✓   53 [chromium] › tests/design-system.spec.js:191:7 › Design System Compliance › Page: /businesses/sunrise-cafe/claim/success › validates letter spacing standards (774ms)
  ✓   54 [chromium] › tests/design-system.spec.js:240:7 › Design System Compliance › Page: /businesses/sunrise-cafe/claim/success › validates text line length (50-75 characters) (786ms)
⚠️  H2 is only 1.33x larger than body text (recommend 1.5x+) on /businesses/sunrise-cafe/claim/success
  ✓   55 [chromium] › tests/design-system.spec.js:270:7 › Design System Compliance › Page: /businesses/sunrise-cafe/claim/success › validates visual hierarchy (automated squint test) (757ms)
⚠️  Found 6 potential contrast issues on /businesses/sunrise-cafe/claim/success
[
  {
    element: [32m'A'[39m,
    text: [32m'MMidtown BookCommunity Directo'[39m,
    contrast: [32m'27.7'[39m
  },
  { element: [32m'SPAN'[39m, text: [32m'Midtown Book'[39m, contrast: [32m'27.7'[39m },
  { element: [32m'A'[39m, text: [32m'Sign In'[39m, contrast: [32m'27.7'[39m }
]
  ✓   56 [chromium] › tests/design-system.spec.js:307:7 › Design System Compliance › Page: /businesses/sunrise-cafe/claim/success › validates color contrast for readability (759ms)
  ✓   57 [chromium] › tests/design-system.spec.js:351:7 › Design System Compliance › Page: /businesses/sunrise-cafe/claim/success › validates consistent section spacing (761ms)
⚠️  5 button padding issues on /businesses/sunrise-cafe/claim/success
  ✓   58 [chromium] › tests/design-system.spec.js:385:7 › Design System Compliance › Page: /businesses/sunrise-cafe/claim/success › validates CTAs are clearly visible (779ms)
  ✓   59 [chromium] › tests/design-system.spec.js:423:7 › Design System Compliance › Page: /businesses/sunrise-cafe/claim/success › validates responsive typography on mobile (791ms)
  ✓   60 [chromium] › tests/design-system.spec.js:453:7 › Design System Compliance › Page: /businesses/sunrise-cafe/claim/success › validates subtle shadows on cards (764ms)
⚠️  Found 4 8-point grid violations on /categories
[
  { element: [32m'P'[39m, property: [32m'paddingTop'[39m, value: [32m'12px'[39m },
  { element: [32m'P'[39m, property: [32m'paddingBottom'[39m, value: [32m'12px'[39m },
  { element: [32m'P'[39m, property: [32m'paddingLeft'[39m, value: [32m'12px'[39m },
  { element: [32m'P'[39m, property: [32m'paddingRight'[39m, value: [32m'12px'[39m }
]
  ✓   61 [chromium] › tests/design-system.spec.js:87:7 › Design System Compliance › Page: /categories › validates 8-point grid spacing (2.0s)
⚠️  1 header line-height issues on /categories
⚠️  2 body line-height issues on /categories
  ✓   62 [chromium] › tests/design-system.spec.js:133:7 › Design System Compliance › Page: /categories › validates line height ratios (1.6s)
  ✓   63 [chromium] › tests/design-system.spec.js:191:7 › Design System Compliance › Page: /categories › validates letter spacing standards (1.6s)
⚠️  2 paragraphs exceed maximum readable width on /categories
  ✓   64 [chromium] › tests/design-system.spec.js:240:7 › Design System Compliance › Page: /categories › validates text line length (50-75 characters) (1.7s)
⚠️  H2 is only 1.00x larger than body text (recommend 1.5x+) on /categories
  ✓   65 [chromium] › tests/design-system.spec.js:270:7 › Design System Compliance › Page: /categories › validates visual hierarchy (automated squint test) (1.6s)
⚠️  Found 2 potential contrast issues on /categories
[
  {
    element: [32m'H2'[39m,
    text: [32m'Application error: a server-si'[39m,
    contrast: [32m'0.0'[39m
  },
  { element: [32m'P'[39m, text: [32m'Digest: 4291997157'[39m, contrast: [32m'0.0'[39m }
]
  ✓   66 [chromium] › tests/design-system.spec.js:307:7 › Design System Compliance › Page: /categories › validates color contrast for readability (1.6s)
  ✓   67 [chromium] › tests/design-system.spec.js:351:7 › Design System Compliance › Page: /categories › validates consistent section spacing (1.7s)
⚠️  20 button padding issues on /categories
  ✓   68 [chromium] › tests/design-system.spec.js:385:7 › Design System Compliance › Page: /categories › validates CTAs are clearly visible (1.7s)
  ✓   69 [chromium] › tests/design-system.spec.js:423:7 › Design System Compliance › Page: /categories › validates responsive typography on mobile (1.7s)
  ✓   70 [chromium] › tests/design-system.spec.js:453:7 › Design System Compliance › Page: /categories › validates subtle shadows on cards (1.7s)
⚠️  Found 4 8-point grid violations on /categories/restaurants
[
  { element: [32m'P'[39m, property: [32m'paddingTop'[39m, value: [32m'12px'[39m },
  { element: [32m'P'[39m, property: [32m'paddingBottom'[39m, value: [32m'12px'[39m },
  { element: [32m'P'[39m, property: [32m'paddingLeft'[39m, value: [32m'12px'[39m },
  { element: [32m'P'[39m, property: [32m'paddingRight'[39m, value: [32m'12px'[39m }
]
  ✓   71 [chromium] › tests/design-system.spec.js:87:7 › Design System Compliance › Page: /categories/restaurants › validates 8-point grid spacing (1.6s)
⚠️  1 header line-height issues on /categories/restaurants
⚠️  1 body line-height issues on /categories/restaurants
  ✓   72 [chromium] › tests/design-system.spec.js:133:7 › Design System Compliance › Page: /categories/restaurants › validates line height ratios (995ms)
  ✓   73 [chromium] › tests/design-system.spec.js:191:7 › Design System Compliance › Page: /categories/restaurants › validates letter spacing standards (996ms)
⚠️  2 paragraphs exceed maximum readable width on /categories/restaurants
  ✓   74 [chromium] › tests/design-system.spec.js:240:7 › Design System Compliance › Page: /categories/restaurants › validates text line length (50-75 characters) (993ms)
  ✓   75 [chromium] › tests/design-system.spec.js:270:7 › Design System Compliance › Page: /categories/restaurants › validates visual hierarchy (automated squint test) (968ms)
⚠️  Found 1 potential contrast issues on /categories/restaurants
[
  {
    element: [32m'H2'[39m,
    text: [32m'Application error: a client-si'[39m,
    contrast: [32m'0.0'[39m
  }
]
  ✓   76 [chromium] › tests/design-system.spec.js:307:7 › Design System Compliance › Page: /categories/restaurants › validates color contrast for readability (987ms)
  ✓   77 [chromium] › tests/design-system.spec.js:351:7 › Design System Compliance › Page: /categories/restaurants › validates consistent section spacing (985ms)
⚠️  20 button padding issues on /categories/restaurants
  ✓   78 [chromium] › tests/design-system.spec.js:385:7 › Design System Compliance › Page: /categories/restaurants › validates CTAs are clearly visible (1.0s)
  ✓   79 [chromium] › tests/design-system.spec.js:423:7 › Design System Compliance › Page: /categories/restaurants › validates responsive typography on mobile (998ms)
  ✓   80 [chromium] › tests/design-system.spec.js:453:7 › Design System Compliance › Page: /categories/restaurants › validates subtle shadows on cards (983ms)
⚠️  Found 4 8-point grid violations on /events
[
  { element: [32m'P'[39m, property: [32m'paddingTop'[39m, value: [32m'12px'[39m },
  { element: [32m'P'[39m, property: [32m'paddingBottom'[39m, value: [32m'12px'[39m },
  { element: [32m'P'[39m, property: [32m'paddingLeft'[39m, value: [32m'12px'[39m },
  { element: [32m'P'[39m, property: [32m'paddingRight'[39m, value: [32m'12px'[39m }
]
  ✓   81 [chromium] › tests/design-system.spec.js:87:7 › Design System Compliance › Page: /events › validates 8-point grid spacing (1.3s)
⚠️  1 header line-height issues on /events
⚠️  1 body line-height issues on /events
  ✓   82 [chromium] › tests/design-system.spec.js:133:7 › Design System Compliance › Page: /events › validates line height ratios (987ms)
  ✓   83 [chromium] › tests/design-system.spec.js:191:7 › Design System Compliance › Page: /events › validates letter spacing standards (985ms)
⚠️  2 paragraphs exceed maximum readable width on /events
  ✓   84 [chromium] › tests/design-system.spec.js:240:7 › Design System Compliance › Page: /events › validates text line length (50-75 characters) (977ms)
  ✓   85 [chromium] › tests/design-system.spec.js:270:7 › Design System Compliance › Page: /events › validates visual hierarchy (automated squint test) (942ms)
⚠️  Found 1 potential contrast issues on /events
[
  {
    element: [32m'H2'[39m,
    text: [32m'Application error: a client-si'[39m,
    contrast: [32m'0.0'[39m
  }
]
  ✓   86 [chromium] › tests/design-system.spec.js:307:7 › Design System Compliance › Page: /events › validates color contrast for readability (953ms)
  ✓   87 [chromium] › tests/design-system.spec.js:351:7 › Design System Compliance › Page: /events › validates consistent section spacing (977ms)
⚠️  20 button padding issues on /events
  ✓   88 [chromium] › tests/design-system.spec.js:385:7 › Design System Compliance › Page: /events › validates CTAs are clearly visible (991ms)
  ✓   89 [chromium] › tests/design-system.spec.js:423:7 › Design System Compliance › Page: /events › validates responsive typography on mobile (963ms)
  ✓   90 [chromium] › tests/design-system.spec.js:453:7 › Design System Compliance › Page: /events › validates subtle shadows on cards (966ms)
⚠️  Found 4 8-point grid violations on /events/summer-food-festival
[
  { element: [32m'P'[39m, property: [32m'paddingTop'[39m, value: [32m'12px'[39m },
  { element: [32m'P'[39m, property: [32m'paddingBottom'[39m, value: [32m'12px'[39m },
  { element: [32m'P'[39m, property: [32m'paddingLeft'[39m, value: [32m'12px'[39m },
  { element: [32m'P'[39m, property: [32m'paddingRight'[39m, value: [32m'12px'[39m }
]
  ✓   91 [chromium] › tests/design-system.spec.js:87:7 › Design System Compliance › Page: /events/summer-food-festival › validates 8-point grid spacing (1.8s)
⚠️  1 header line-height issues on /events/summer-food-festival
⚠️  1 body line-height issues on /events/summer-food-festival
  ✓   92 [chromium] › tests/design-system.spec.js:133:7 › Design System Compliance › Page: /events/summer-food-festival › validates line height ratios (996ms)
  ✓   93 [chromium] › tests/design-system.spec.js:191:7 › Design System Compliance › Page: /events/summer-food-festival › validates letter spacing standards (994ms)
⚠️  2 paragraphs exceed maximum readable width on /events/summer-food-festival
  ✓   94 [chromium] › tests/design-system.spec.js:240:7 › Design System Compliance › Page: /events/summer-food-festival › validates text line length (50-75 characters) (1.0s)
  ✓   95 [chromium] › tests/design-system.spec.js:270:7 › Design System Compliance › Page: /events/summer-food-festival › validates visual hierarchy (automated squint test) (977ms)
⚠️  Found 1 potential contrast issues on /events/summer-food-festival
[
  {
    element: [32m'H2'[39m,
    text: [32m'Application error: a client-si'[39m,
    contrast: [32m'0.0'[39m
  }
]
  ✓   96 [chromium] › tests/design-system.spec.js:307:7 › Design System Compliance › Page: /events/summer-food-festival › validates color contrast for readability (973ms)
  ✓   97 [chromium] › tests/design-system.spec.js:351:7 › Design System Compliance › Page: /events/summer-food-festival › validates consistent section spacing (986ms)
⚠️  20 button padding issues on /events/summer-food-festival
  ✓   98 [chromium] › tests/design-system.spec.js:385:7 › Design System Compliance › Page: /events/summer-food-festival › validates CTAs are clearly visible (1.0s)
  ✓   99 [chromium] › tests/design-system.spec.js:423:7 › Design System Compliance › Page: /events/summer-food-festival › validates responsive typography on mobile (993ms)
  ✓  100 [chromium] › tests/design-system.spec.js:453:7 › Design System Compliance › Page: /events/summer-food-festival › validates subtle shadows on cards (1.0s)
⚠️  Found 4 8-point grid violations on /deals
[
  { element: [32m'P'[39m, property: [32m'paddingTop'[39m, value: [32m'12px'[39m },
  { element: [32m'P'[39m, property: [32m'paddingBottom'[39m, value: [32m'12px'[39m },
  { element: [32m'P'[39m, property: [32m'paddingLeft'[39m, value: [32m'12px'[39m },
  { element: [32m'P'[39m, property: [32m'paddingRight'[39m, value: [32m'12px'[39m }
]
  ✓  101 [chromium] › tests/design-system.spec.js:87:7 › Design System Compliance › Page: /deals › validates 8-point grid spacing (1.4s)
⚠️  1 header line-height issues on /deals
⚠️  1 body line-height issues on /deals
  ✓  102 [chromium] › tests/design-system.spec.js:133:7 › Design System Compliance › Page: /deals › validates line height ratios (1.0s)
  ✓  103 [chromium] › tests/design-system.spec.js:191:7 › Design System Compliance › Page: /deals › validates letter spacing standards (1.2s)
⚠️  2 paragraphs exceed maximum readable width on /deals
  ✓  104 [chromium] › tests/design-system.spec.js:240:7 › Design System Compliance › Page: /deals › validates text line length (50-75 characters) (1.0s)
  ✓  105 [chromium] › tests/design-system.spec.js:270:7 › Design System Compliance › Page: /deals › validates visual hierarchy (automated squint test) (998ms)
⚠️  Found 1 potential contrast issues on /deals
[
  {
    element: [32m'H2'[39m,
    text: [32m'Application error: a client-si'[39m,
    contrast: [32m'0.0'[39m
  }
]
  ✓  106 [chromium] › tests/design-system.spec.js:307:7 › Design System Compliance › Page: /deals › validates color contrast for readability (995ms)
  ✓  107 [chromium] › tests/design-system.spec.js:351:7 › Design System Compliance › Page: /deals › validates consistent section spacing (994ms)
⚠️  20 button padding issues on /deals
  ✓  108 [chromium] › tests/design-system.spec.js:385:7 › Design System Compliance › Page: /deals › validates CTAs are clearly visible (1.0s)
  ✓  109 [chromium] › tests/design-system.spec.js:423:7 › Design System Compliance › Page: /deals › validates responsive typography on mobile (963ms)
  ✓  110 [chromium] › tests/design-system.spec.js:453:7 › Design System Compliance › Page: /deals › validates subtle shadows on cards (958ms)
⚠️  Found 4 8-point grid violations on /blog
[
  { element: [32m'P'[39m, property: [32m'paddingTop'[39m, value: [32m'12px'[39m },
  { element: [32m'P'[39m, property: [32m'paddingBottom'[39m, value: [32m'12px'[39m },
  { element: [32m'P'[39m, property: [32m'paddingLeft'[39m, value: [32m'12px'[39m },
  { element: [32m'P'[39m, property: [32m'paddingRight'[39m, value: [32m'12px'[39m }
]
  ✓  111 [chromium] › tests/design-system.spec.js:87:7 › Design System Compliance › Page: /blog › validates 8-point grid spacing (1.4s)
⚠️  1 header line-height issues on /blog
⚠️  1 body line-height issues on /blog
  ✓  112 [chromium] › tests/design-system.spec.js:133:7 › Design System Compliance › Page: /blog › validates line height ratios (1.2s)
  ✓  113 [chromium] › tests/design-system.spec.js:191:7 › Design System Compliance › Page: /blog › validates letter spacing standards (997ms)
⚠️  2 paragraphs exceed maximum readable width on /blog
  ✓  114 [chromium] › tests/design-system.spec.js:240:7 › Design System Compliance › Page: /blog › validates text line length (50-75 characters) (984ms)
  ✓  115 [chromium] › tests/design-system.spec.js:270:7 › Design System Compliance › Page: /blog › validates visual hierarchy (automated squint test) (971ms)
⚠️  Found 1 potential contrast issues on /blog
[
  {
    element: [32m'H2'[39m,
    text: [32m'Application error: a client-si'[39m,
    contrast: [32m'0.0'[39m
  }
]
  ✓  116 [chromium] › tests/design-system.spec.js:307:7 › Design System Compliance › Page: /blog › validates color contrast for readability (971ms)
  ✓  117 [chromium] › tests/design-system.spec.js:351:7 › Design System Compliance › Page: /blog › validates consistent section spacing (980ms)
⚠️  20 button padding issues on /blog
  ✓  118 [chromium] › tests/design-system.spec.js:385:7 › Design System Compliance › Page: /blog › validates CTAs are clearly visible (999ms)
  ✓  119 [chromium] › tests/design-system.spec.js:423:7 › Design System Compliance › Page: /blog › validates responsive typography on mobile (1.0s)
  ✓  120 [chromium] › tests/design-system.spec.js:453:7 › Design System Compliance › Page: /blog › validates subtle shadows on cards (982ms)
⚠️  Found 4 8-point grid violations on /blog/top-10-midtown-cafes
[
  { element: [32m'P'[39m, property: [32m'paddingTop'[39m, value: [32m'12px'[39m },
  { element: [32m'P'[39m, property: [32m'paddingBottom'[39m, value: [32m'12px'[39m },
  { element: [32m'P'[39m, property: [32m'paddingLeft'[39m, value: [32m'12px'[39m },
  { element: [32m'P'[39m, property: [32m'paddingRight'[39m, value: [32m'12px'[39m }
]
  ✓  121 [chromium] › tests/design-system.spec.js:87:7 › Design System Compliance › Page: /blog/top-10-midtown-cafes › validates 8-point grid spacing (1.6s)
⚠️  1 header line-height issues on /blog/top-10-midtown-cafes
⚠️  1 body line-height issues on /blog/top-10-midtown-cafes
  ✓  122 [chromium] › tests/design-system.spec.js:133:7 › Design System Compliance › Page: /blog/top-10-midtown-cafes › validates line height ratios (1.0s)
  ✓  123 [chromium] › tests/design-system.spec.js:191:7 › Design System Compliance › Page: /blog/top-10-midtown-cafes › validates letter spacing standards (995ms)
⚠️  2 paragraphs exceed maximum readable width on /blog/top-10-midtown-cafes
  ✓  124 [chromium] › tests/design-system.spec.js:240:7 › Design System Compliance › Page: /blog/top-10-midtown-cafes › validates text line length (50-75 characters) (1.0s)
  ✓  125 [chromium] › tests/design-system.spec.js:270:7 › Design System Compliance › Page: /blog/top-10-midtown-cafes › validates visual hierarchy (automated squint test) (968ms)
⚠️  Found 1 potential contrast issues on /blog/top-10-midtown-cafes
[
  {
    element: [32m'H2'[39m,
    text: [32m'Application error: a client-si'[39m,
    contrast: [32m'0.0'[39m
  }
]
  ✓  126 [chromium] › tests/design-system.spec.js:307:7 › Design System Compliance › Page: /blog/top-10-midtown-cafes › validates color contrast for readability (978ms)
  ✓  127 [chromium] › tests/design-system.spec.js:351:7 › Design System Compliance › Page: /blog/top-10-midtown-cafes › validates consistent section spacing (987ms)
⚠️  20 button padding issues on /blog/top-10-midtown-cafes
  ✓  128 [chromium] › tests/design-system.spec.js:385:7 › Design System Compliance › Page: /blog/top-10-midtown-cafes › validates CTAs are clearly visible (1.0s)
  ✓  129 [chromium] › tests/design-system.spec.js:423:7 › Design System Compliance › Page: /blog/top-10-midtown-cafes › validates responsive typography on mobile (1.0s)
  ✓  130 [chromium] › tests/design-system.spec.js:453:7 › Design System Compliance › Page: /blog/top-10-midtown-cafes › validates subtle shadows on cards (991ms)
  ✓  131 [chromium] › tests/design-system.spec.js:87:7 › Design System Compliance › Page: /help › validates 8-point grid spacing (1.2s)
⚠️  2 header line-height issues on /help
  ✓  132 [chromium] › tests/design-system.spec.js:133:7 › Design System Compliance › Page: /help › validates line height ratios (810ms)
⚠️  3 CTA letter-spacing issues on /help
  ✓  133 [chromium] › tests/design-system.spec.js:191:7 › Design System Compliance › Page: /help › validates letter spacing standards (792ms)
⚠️  Paragraph width 846px exceeds 800px on /help
  ✓  134 [chromium] › tests/design-system.spec.js:240:7 › Design System Compliance › Page: /help › validates text line length (50-75 characters) (789ms)
⚠️  H2 is only 1.33x larger than body text (recommend 1.5x+) on /help
  ✓  135 [chromium] › tests/design-system.spec.js:270:7 › Design System Compliance › Page: /help › validates visual hierarchy (automated squint test) (758ms)
⚠️  Found 4 potential contrast issues on /help
[
  {
    element: [32m'A'[39m,
    text: [32m'MMidtown BookCommunity Directo'[39m,
    contrast: [32m'27.7'[39m
  },
  { element: [32m'SPAN'[39m, text: [32m'Midtown Book'[39m, contrast: [32m'27.7'[39m },
  { element: [32m'A'[39m, text: [32m'Sign In'[39m, contrast: [32m'27.7'[39m }
]
  ✓  136 [chromium] › tests/design-system.spec.js:307:7 › Design System Compliance › Page: /help › validates color contrast for readability (763ms)
  ✓  137 [chromium] › tests/design-system.spec.js:351:7 › Design System Compliance › Page: /help › validates consistent section spacing (774ms)
⚠️  15 button padding issues on /help
  ✓  138 [chromium] › tests/design-system.spec.js:385:7 › Design System Compliance › Page: /help › validates CTAs are clearly visible (806ms)
  ✓  139 [chromium] › tests/design-system.spec.js:423:7 › Design System Compliance › Page: /help › validates responsive typography on mobile (783ms)
  ✓  140 [chromium] › tests/design-system.spec.js:453:7 › Design System Compliance › Page: /help › validates subtle shadows on cards (765ms)
⚠️  Found 5 8-point grid violations on /favorites
[
  { element: [32m'P'[39m, property: [32m'marginBottom'[39m, value: [32m'12px'[39m },
  { element: [32m'P'[39m, property: [32m'marginBottom'[39m, value: [32m'12px'[39m },
  { element: [32m'P'[39m, property: [32m'marginBottom'[39m, value: [32m'12px'[39m },
  { element: [32m'P'[39m, property: [32m'marginBottom'[39m, value: [32m'12px'[39m },
  { element: [32m'P'[39m, property: [32m'marginBottom'[39m, value: [32m'12px'[39m }
]
  ✓  141 [chromium] › tests/design-system.spec.js:87:7 › Design System Compliance › Page: /favorites › validates 8-point grid spacing (1.2s)
⚠️  2 header line-height issues on /favorites
  ✓  142 [chromium] › tests/design-system.spec.js:133:7 › Design System Compliance › Page: /favorites › validates line height ratios (815ms)
  ✓  143 [chromium] › tests/design-system.spec.js:191:7 › Design System Compliance › Page: /favorites › validates letter spacing standards (795ms)
  ✓  144 [chromium] › tests/design-system.spec.js:240:7 › Design System Compliance › Page: /favorites › validates text line length (50-75 characters) (777ms)
⚠️  H2 is only 1.13x larger than body text (recommend 1.5x+) on /favorites
  ✓  145 [chromium] › tests/design-system.spec.js:270:7 › Design System Compliance › Page: /favorites › validates visual hierarchy (automated squint test) (755ms)
⚠️  Found 7 potential contrast issues on /favorites
[
  {
    element: [32m'A'[39m,
    text: [32m'MMidtown BookCommunity Directo'[39m,
    contrast: [32m'27.7'[39m
  },
  { element: [32m'SPAN'[39m, text: [32m'Midtown Book'[39m, contrast: [32m'27.7'[39m },
  { element: [32m'A'[39m, text: [32m'Sign In'[39m, contrast: [32m'27.7'[39m }
]
  ✓  146 [chromium] › tests/design-system.spec.js:307:7 › Design System Compliance › Page: /favorites › validates color contrast for readability (761ms)
  ✓  147 [chromium] › tests/design-system.spec.js:351:7 › Design System Compliance › Page: /favorites › validates consistent section spacing (768ms)
⚠️  16 button padding issues on /favorites
  ✓  148 [chromium] › tests/design-system.spec.js:385:7 › Design System Compliance › Page: /favorites › validates CTAs are clearly visible (800ms)
  ✓  149 [chromium] › tests/design-system.spec.js:423:7 › Design System Compliance › Page: /favorites › validates responsive typography on mobile (788ms)
  ✓  150 [chromium] › tests/design-system.spec.js:453:7 › Design System Compliance › Page: /favorites › validates subtle shadows on cards (764ms)
  ✓  151 [chromium] › tests/design-system.spec.js:87:7 › Design System Compliance › Page: /compare › validates 8-point grid spacing (1.1s)
⚠️  4 header line-height issues on /compare
  ✓  152 [chromium] › tests/design-system.spec.js:133:7 › Design System Compliance › Page: /compare › validates line height ratios (780ms)
  ✓  153 [chromium] › tests/design-system.spec.js:191:7 › Design System Compliance › Page: /compare › validates letter spacing standards (765ms)
  ✓  154 [chromium] › tests/design-system.spec.js:240:7 › Design System Compliance › Page: /compare › validates text line length (50-75 characters) (764ms)
⚠️  H2 is only 1.13x larger than body text (recommend 1.5x+) on /compare
  ✓  155 [chromium] › tests/design-system.spec.js:270:7 › Design System Compliance › Page: /compare › validates visual hierarchy (automated squint test) (736ms)
⚠️  Found 6 potential contrast issues on /compare
[
  {
    element: [32m'A'[39m,
    text: [32m'MMidtown BookCommunity Directo'[39m,
    contrast: [32m'27.7'[39m
  },
  { element: [32m'SPAN'[39m, text: [32m'Midtown Book'[39m, contrast: [32m'27.7'[39m },
  { element: [32m'A'[39m, text: [32m'Sign In'[39m, contrast: [32m'27.7'[39m }
]
  ✓  156 [chromium] › tests/design-system.spec.js:307:7 › Design System Compliance › Page: /compare › validates color contrast for readability (735ms)
  ✓  157 [chromium] › tests/design-system.spec.js:351:7 › Design System Compliance › Page: /compare › validates consistent section spacing (751ms)
⚠️  6 button padding issues on /compare
  ✓  158 [chromium] › tests/design-system.spec.js:385:7 › Design System Compliance › Page: /compare › validates CTAs are clearly visible (761ms)
  ✓  159 [chromium] › tests/design-system.spec.js:423:7 › Design System Compliance › Page: /compare › validates responsive typography on mobile (761ms)
  ✓  160 [chromium] › tests/design-system.spec.js:453:7 › Design System Compliance › Page: /compare › validates subtle shadows on cards (739ms)
  ✓  161 [chromium] › tests/design-system.spec.js:87:7 › Design System Compliance › Page: /about › validates 8-point grid spacing (1.1s)
⚠️  3 header line-height issues on /about
  ✓  162 [chromium] › tests/design-system.spec.js:133:7 › Design System Compliance › Page: /about › validates line height ratios (790ms)
  ✓  163 [chromium] › tests/design-system.spec.js:191:7 › Design System Compliance › Page: /about › validates letter spacing standards (765ms)
⚠️  Paragraph width 814px exceeds 800px on /about
⚠️  Paragraph width 814px exceeds 800px on /about
⚠️  Paragraph width 816px exceeds 800px on /about
  ✓  164 [chromium] › tests/design-system.spec.js:240:7 › Design System Compliance › Page: /about › validates text line length (50-75 characters) (778ms)
  ✓  165 [chromium] › tests/design-system.spec.js:270:7 › Design System Compliance › Page: /about › validates visual hierarchy (automated squint test) (738ms)
⚠️  Found 6 potential contrast issues on /about
[
  {
    element: [32m'A'[39m,
    text: [32m'MMidtown BookCommunity Directo'[39m,
    contrast: [32m'27.7'[39m
  },
  { element: [32m'SPAN'[39m, text: [32m'Midtown Book'[39m, contrast: [32m'27.7'[39m },
  { element: [32m'A'[39m, text: [32m'Sign In'[39m, contrast: [32m'27.7'[39m }
]
  ✓  166 [chromium] › tests/design-system.spec.js:307:7 › Design System Compliance › Page: /about › validates color contrast for readability (745ms)
  ✓  167 [chromium] › tests/design-system.spec.js:351:7 › Design System Compliance › Page: /about › validates consistent section spacing (756ms)
⚠️  5 button padding issues on /about
  ✓  168 [chromium] › tests/design-system.spec.js:385:7 › Design System Compliance › Page: /about › validates CTAs are clearly visible (763ms)
  ✓  169 [chromium] › tests/design-system.spec.js:423:7 › Design System Compliance › Page: /about › validates responsive typography on mobile (760ms)
  ✓  170 [chromium] › tests/design-system.spec.js:453:7 › Design System Compliance › Page: /about › validates subtle shadows on cards (748ms)
⚠️  Found 3 8-point grid violations on /contact
[
  { element: [32m'H3'[39m, property: [32m'marginBottom'[39m, value: [32m'4px'[39m },
  { element: [32m'H3'[39m, property: [32m'marginBottom'[39m, value: [32m'4px'[39m },
  { element: [32m'H3'[39m, property: [32m'marginBottom'[39m, value: [32m'4px'[39m }
]
  ✓  171 [chromium] › tests/design-system.spec.js:87:7 › Design System Compliance › Page: /contact › validates 8-point grid spacing (1.1s)
⚠️  7 header line-height issues on /contact
  ✓  172 [chromium] › tests/design-system.spec.js:133:7 › Design System Compliance › Page: /contact › validates line height ratios (797ms)
  ✓  173 [chromium] › tests/design-system.spec.js:191:7 › Design System Compliance › Page: /contact › validates letter spacing standards (769ms)
  ✓  174 [chromium] › tests/design-system.spec.js:240:7 › Design System Compliance › Page: /contact › validates text line length (50-75 characters) (776ms)
⚠️  H2 is only 1.20x larger than body text (recommend 1.5x+) on /contact
  ✓  175 [chromium] › tests/design-system.spec.js:270:7 › Design System Compliance › Page: /contact › validates visual hierarchy (automated squint test) (742ms)
⚠️  Found 6 potential contrast issues on /contact
[
  {
    element: [32m'A'[39m,
    text: [32m'MMidtown BookCommunity Directo'[39m,
    contrast: [32m'27.7'[39m
  },
  { element: [32m'SPAN'[39m, text: [32m'Midtown Book'[39m, contrast: [32m'27.7'[39m },
  { element: [32m'A'[39m, text: [32m'Sign In'[39m, contrast: [32m'27.7'[39m }
]
  ✓  176 [chromium] › tests/design-system.spec.js:307:7 › Design System Compliance › Page: /contact › validates color contrast for readability (744ms)
  ✓  177 [chromium] › tests/design-system.spec.js:351:7 › Design System Compliance › Page: /contact › validates consistent section spacing (753ms)
⚠️  7 button padding issues on /contact
  ✓  178 [chromium] › tests/design-system.spec.js:385:7 › Design System Compliance › Page: /contact › validates CTAs are clearly visible (774ms)
  ✓  179 [chromium] › tests/design-system.spec.js:423:7 › Design System Compliance › Page: /contact › validates responsive typography on mobile (765ms)
  ✓  180 [chromium] › tests/design-system.spec.js:453:7 › Design System Compliance › Page: /contact › validates subtle shadows on cards (753ms)
  ✓  181 [chromium] › tests/design-system.spec.js:87:7 › Design System Compliance › Page: /contact/success › validates 8-point grid spacing (1.2s)
⚠️  5 header line-height issues on /contact/success
  ✓  182 [chromium] › tests/design-system.spec.js:133:7 › Design System Compliance › Page: /contact/success › validates line height ratios (780ms)
  ✓  183 [chromium] › tests/design-system.spec.js:191:7 › Design System Compliance › Page: /contact/success › validates letter spacing standards (751ms)
  ✓  184 [chromium] › tests/design-system.spec.js:240:7 › Design System Compliance › Page: /contact/success › validates text line length (50-75 characters) (773ms)
⚠️  H2 is only 1.33x larger than body text (recommend 1.5x+) on /contact/success
  ✓  185 [chromium] › tests/design-system.spec.js:270:7 › Design System Compliance › Page: /contact/success › validates visual hierarchy (automated squint test) (738ms)
⚠️  Found 5 potential contrast issues on /contact/success
[
  {
    element: [32m'A'[39m,
    text: [32m'MMidtown BookCommunity Directo'[39m,
    contrast: [32m'27.7'[39m
  },
  { element: [32m'SPAN'[39m, text: [32m'Midtown Book'[39m, contrast: [32m'27.7'[39m },
  { element: [32m'A'[39m, text: [32m'Sign In'[39m, contrast: [32m'27.7'[39m }
]
  ✓  186 [chromium] › tests/design-system.spec.js:307:7 › Design System Compliance › Page: /contact/success › validates color contrast for readability (760ms)
  ✓  187 [chromium] › tests/design-system.spec.js:351:7 › Design System Compliance › Page: /contact/success › validates consistent section spacing (745ms)
⚠️  5 button padding issues on /contact/success
  ✓  188 [chromium] › tests/design-system.spec.js:385:7 › Design System Compliance › Page: /contact/success › validates CTAs are clearly visible (772ms)
  ✓  189 [chromium] › tests/design-system.spec.js:423:7 › Design System Compliance › Page: /contact/success › validates responsive typography on mobile (765ms)
  ✓  190 [chromium] › tests/design-system.spec.js:453:7 › Design System Compliance › Page: /contact/success › validates subtle shadows on cards (748ms)
⚠️  Found 4 8-point grid violations on /newsletter/success
[
  { element: [32m'H3'[39m, property: [32m'marginBottom'[39m, value: [32m'4px'[39m },
  { element: [32m'H3'[39m, property: [32m'marginBottom'[39m, value: [32m'4px'[39m },
  { element: [32m'H3'[39m, property: [32m'marginBottom'[39m, value: [32m'4px'[39m },
  { element: [32m'H3'[39m, property: [32m'marginBottom'[39m, value: [32m'4px'[39m }
]
  ✓  191 [chromium] › tests/design-system.spec.js:87:7 › Design System Compliance › Page: /newsletter/success › validates 8-point grid spacing (1.1s)
⚠️  8 header line-height issues on /newsletter/success
  ✓  192 [chromium] › tests/design-system.spec.js:133:7 › Design System Compliance › Page: /newsletter/success › validates line height ratios (791ms)
  ✓  193 [chromium] › tests/design-system.spec.js:191:7 › Design System Compliance › Page: /newsletter/success › validates letter spacing standards (766ms)
  ✓  194 [chromium] › tests/design-system.spec.js:240:7 › Design System Compliance › Page: /newsletter/success › validates text line length (50-75 characters) (772ms)
⚠️  H2 is only 1.33x larger than body text (recommend 1.5x+) on /newsletter/success
  ✓  195 [chromium] › tests/design-system.spec.js:270:7 › Design System Compliance › Page: /newsletter/success › validates visual hierarchy (automated squint test) (739ms)
⚠️  Found 7 potential contrast issues on /newsletter/success
[
  {
    element: [32m'A'[39m,
    text: [32m'MMidtown BookCommunity Directo'[39m,
    contrast: [32m'27.7'[39m
  },
  { element: [32m'SPAN'[39m, text: [32m'Midtown Book'[39m, contrast: [32m'27.7'[39m },
  { element: [32m'A'[39m, text: [32m'Sign In'[39m, contrast: [32m'27.7'[39m }
]
  ✓  196 [chromium] › tests/design-system.spec.js:307:7 › Design System Compliance › Page: /newsletter/success › validates color contrast for readability (744ms)
  ✓  197 [chromium] › tests/design-system.spec.js:351:7 › Design System Compliance › Page: /newsletter/success › validates consistent section spacing (754ms)
⚠️  5 button padding issues on /newsletter/success
  ✓  198 [chromium] › tests/design-system.spec.js:385:7 › Design System Compliance › Page: /newsletter/success › validates CTAs are clearly visible (765ms)
  ✓  199 [chromium] › tests/design-system.spec.js:423:7 › Design System Compliance › Page: /newsletter/success › validates responsive typography on mobile (774ms)
  ✓  200 [chromium] › tests/design-system.spec.js:453:7 › Design System Compliance › Page: /newsletter/success › validates subtle shadows on cards (739ms)
⚠️  Found 4 8-point grid violations on /reviews/success
[
  { element: [32m'H3'[39m, property: [32m'marginBottom'[39m, value: [32m'4px'[39m },
  { element: [32m'H3'[39m, property: [32m'marginBottom'[39m, value: [32m'4px'[39m },
  { element: [32m'H3'[39m, property: [32m'marginBottom'[39m, value: [32m'4px'[39m },
  { element: [32m'H3'[39m, property: [32m'marginBottom'[39m, value: [32m'4px'[39m }
]
  ✓  201 [chromium] › tests/design-system.spec.js:87:7 › Design System Compliance › Page: /reviews/success › validates 8-point grid spacing (1.1s)
⚠️  8 header line-height issues on /reviews/success
  ✓  202 [chromium] › tests/design-system.spec.js:133:7 › Design System Compliance › Page: /reviews/success › validates line height ratios (790ms)
  ✓  203 [chromium] › tests/design-system.spec.js:191:7 › Design System Compliance › Page: /reviews/success › validates letter spacing standards (769ms)
  ✓  204 [chromium] › tests/design-system.spec.js:240:7 › Design System Compliance › Page: /reviews/success › validates text line length (50-75 characters) (769ms)
⚠️  H2 is only 1.33x larger than body text (recommend 1.5x+) on /reviews/success
  ✓  205 [chromium] › tests/design-system.spec.js:270:7 › Design System Compliance › Page: /reviews/success › validates visual hierarchy (automated squint test) (738ms)
⚠️  Found 6 potential contrast issues on /reviews/success
[
  {
    element: [32m'A'[39m,
    text: [32m'MMidtown BookCommunity Directo'[39m,
    contrast: [32m'27.7'[39m
  },
  { element: [32m'SPAN'[39m, text: [32m'Midtown Book'[39m, contrast: [32m'27.7'[39m },
  { element: [32m'A'[39m, text: [32m'Sign In'[39m, contrast: [32m'27.7'[39m }
]
  ✓  206 [chromium] › tests/design-system.spec.js:307:7 › Design System Compliance › Page: /reviews/success › validates color contrast for readability (749ms)
  ✓  207 [chromium] › tests/design-system.spec.js:351:7 › Design System Compliance › Page: /reviews/success › validates consistent section spacing (748ms)
⚠️  11 button padding issues on /reviews/success
  ✓  208 [chromium] › tests/design-system.spec.js:385:7 › Design System Compliance › Page: /reviews/success › validates CTAs are clearly visible (770ms)
  ✓  209 [chromium] › tests/design-system.spec.js:423:7 › Design System Compliance › Page: /reviews/success › validates responsive typography on mobile (764ms)
  ✓  210 [chromium] › tests/design-system.spec.js:453:7 › Design System Compliance › Page: /reviews/success › validates subtle shadows on cards (747ms)
  ✓  211 [chromium] › tests/design-system.spec.js:87:7 › Design System Compliance › Page: /privacy › validates 8-point grid spacing (1.1s)
⚠️  3 header line-height issues on /privacy
  ✓  212 [chromium] › tests/design-system.spec.js:133:7 › Design System Compliance › Page: /privacy › validates line height ratios (808ms)
  ✓  213 [chromium] › tests/design-system.spec.js:191:7 › Design System Compliance › Page: /privacy › validates letter spacing standards (767ms)
  ✓  214 [chromium] › tests/design-system.spec.js:240:7 › Design System Compliance › Page: /privacy › validates text line length (50-75 characters) (772ms)
  ✓  215 [chromium] › tests/design-system.spec.js:270:7 › Design System Compliance › Page: /privacy › validates visual hierarchy (automated squint test) (739ms)
⚠️  Found 8 potential contrast issues on /privacy
[
  {
    element: [32m'A'[39m,
    text: [32m'MMidtown BookCommunity Directo'[39m,
    contrast: [32m'27.7'[39m
  },
  { element: [32m'SPAN'[39m, text: [32m'Midtown Book'[39m, contrast: [32m'27.7'[39m },
  { element: [32m'A'[39m, text: [32m'Sign In'[39m, contrast: [32m'27.7'[39m }
]
  ✓  216 [chromium] › tests/design-system.spec.js:307:7 › Design System Compliance › Page: /privacy › validates color contrast for readability (751ms)
  ✓  217 [chromium] › tests/design-system.spec.js:351:7 › Design System Compliance › Page: /privacy › validates consistent section spacing (746ms)
⚠️  5 button padding issues on /privacy
  ✓  218 [chromium] › tests/design-system.spec.js:385:7 › Design System Compliance › Page: /privacy › validates CTAs are clearly visible (756ms)
  ✓  219 [chromium] › tests/design-system.spec.js:423:7 › Design System Compliance › Page: /privacy › validates responsive typography on mobile (775ms)
  ✓  220 [chromium] › tests/design-system.spec.js:453:7 › Design System Compliance › Page: /privacy › validates subtle shadows on cards (747ms)
  ✓  221 [chromium] › tests/design-system.spec.js:87:7 › Design System Compliance › Page: /terms › validates 8-point grid spacing (1.1s)
  ✓  222 [chromium] › tests/design-system.spec.js:133:7 › Design System Compliance › Page: /terms › validates line height ratios (785ms)
  ✓  223 [chromium] › tests/design-system.spec.js:191:7 › Design System Compliance › Page: /terms › validates letter spacing standards (761ms)
  ✓  224 [chromium] › tests/design-system.spec.js:240:7 › Design System Compliance › Page: /terms › validates text line length (50-75 characters) (770ms)
  ✓  225 [chromium] › tests/design-system.spec.js:270:7 › Design System Compliance › Page: /terms › validates visual hierarchy (automated squint test) (738ms)
⚠️  Found 8 potential contrast issues on /terms
[
  {
    element: [32m'A'[39m,
    text: [32m'MMidtown BookCommunity Directo'[39m,
    contrast: [32m'27.7'[39m
  },
  { element: [32m'SPAN'[39m, text: [32m'Midtown Book'[39m, contrast: [32m'27.7'[39m },
  { element: [32m'A'[39m, text: [32m'Sign In'[39m, contrast: [32m'27.7'[39m }
]
  ✓  226 [chromium] › tests/design-system.spec.js:307:7 › Design System Compliance › Page: /terms › validates color contrast for readability (729ms)
  ✓  227 [chromium] › tests/design-system.spec.js:351:7 › Design System Compliance › Page: /terms › validates consistent section spacing (754ms)
⚠️  5 button padding issues on /terms
  ✓  228 [chromium] › tests/design-system.spec.js:385:7 › Design System Compliance › Page: /terms › validates CTAs are clearly visible (769ms)
  ✓  229 [chromium] › tests/design-system.spec.js:423:7 › Design System Compliance › Page: /terms › validates responsive typography on mobile (781ms)
  ✓  230 [chromium] › tests/design-system.spec.js:453:7 › Design System Compliance › Page: /terms › validates subtle shadows on cards (749ms)
  ✓  231 [chromium] › tests/design-system.spec.js:87:7 › Design System Compliance › Page: /auth/login › validates 8-point grid spacing (1.0s)
  ✓  232 [chromium] › tests/design-system.spec.js:133:7 › Design System Compliance › Page: /auth/login › validates line height ratios (739ms)
  ✓  233 [chromium] › tests/design-system.spec.js:191:7 › Design System Compliance › Page: /auth/login › validates letter spacing standards (752ms)
  ✓  234 [chromium] › tests/design-system.spec.js:240:7 › Design System Compliance › Page: /auth/login › validates text line length (50-75 characters) (736ms)
  ✓  235 [chromium] › tests/design-system.spec.js:270:7 › Design System Compliance › Page: /auth/login › validates visual hierarchy (automated squint test) (726ms)
⚠️  Found 5 potential contrast issues on /auth/login
[
  {
    element: [32m'A'[39m,
    text: [32m'MMidtown BookCommunity Directo'[39m,
    contrast: [32m'27.7'[39m
  },
  { element: [32m'SPAN'[39m, text: [32m'Midtown Book'[39m, contrast: [32m'27.7'[39m },
  { element: [32m'A'[39m, text: [32m'Sign In'[39m, contrast: [32m'27.7'[39m }
]
  ✓  236 [chromium] › tests/design-system.spec.js:307:7 › Design System Compliance › Page: /auth/login › validates color contrast for readability (728ms)
  ✓  237 [chromium] › tests/design-system.spec.js:351:7 › Design System Compliance › Page: /auth/login › validates consistent section spacing (733ms)
⚠️  7 button padding issues on /auth/login
  ✓  238 [chromium] › tests/design-system.spec.js:385:7 › Design System Compliance › Page: /auth/login › validates CTAs are clearly visible (752ms)
  ✓  239 [chromium] › tests/design-system.spec.js:423:7 › Design System Compliance › Page: /auth/login › validates responsive typography on mobile (732ms)
  ✓  240 [chromium] › tests/design-system.spec.js:453:7 › Design System Compliance › Page: /auth/login › validates subtle shadows on cards (729ms)
  ✓  241 [chromium] › tests/design-system.spec.js:87:7 › Design System Compliance › Page: /auth/signup › validates 8-point grid spacing (1.1s)
  ✓  242 [chromium] › tests/design-system.spec.js:133:7 › Design System Compliance › Page: /auth/signup › validates line height ratios (759ms)
  ✓  243 [chromium] › tests/design-system.spec.js:191:7 › Design System Compliance › Page: /auth/signup › validates letter spacing standards (752ms)
  ✓  244 [chromium] › tests/design-system.spec.js:240:7 › Design System Compliance › Page: /auth/signup › validates text line length (50-75 characters) (732ms)
  ✓  245 [chromium] › tests/design-system.spec.js:270:7 › Design System Compliance › Page: /auth/signup › validates visual hierarchy (automated squint test) (728ms)
⚠️  Found 5 potential contrast issues on /auth/signup
[
  {
    element: [32m'A'[39m,
    text: [32m'MMidtown BookCommunity Directo'[39m,
    contrast: [32m'27.7'[39m
  },
  { element: [32m'SPAN'[39m, text: [32m'Midtown Book'[39m, contrast: [32m'27.7'[39m },
  { element: [32m'A'[39m, text: [32m'Sign In'[39m, contrast: [32m'27.7'[39m }
]
  ✓  246 [chromium] › tests/design-system.spec.js:307:7 › Design System Compliance › Page: /auth/signup › validates color contrast for readability (727ms)
  ✓  247 [chromium] › tests/design-system.spec.js:351:7 › Design System Compliance › Page: /auth/signup › validates consistent section spacing (733ms)
⚠️  7 button padding issues on /auth/signup
  ✓  248 [chromium] › tests/design-system.spec.js:385:7 › Design System Compliance › Page: /auth/signup › validates CTAs are clearly visible (750ms)
  ✓  249 [chromium] › tests/design-system.spec.js:423:7 › Design System Compliance › Page: /auth/signup › validates responsive typography on mobile (751ms)
  ✓  250 [chromium] › tests/design-system.spec.js:453:7 › Design System Compliance › Page: /auth/signup › validates subtle shadows on cards (736ms)
⚠️  Found 1 8-point grid violations on /auth/forgot-password
[ { element: [32m'H3'[39m, property: [32m'marginBottom'[39m, value: [32m'12px'[39m } ]
  ✓  251 [chromium] › tests/design-system.spec.js:87:7 › Design System Compliance › Page: /auth/forgot-password › validates 8-point grid spacing (1.2s)
⚠️  5 header line-height issues on /auth/forgot-password
  ✓  252 [chromium] › tests/design-system.spec.js:133:7 › Design System Compliance › Page: /auth/forgot-password › validates line height ratios (791ms)
  ✓  253 [chromium] › tests/design-system.spec.js:191:7 › Design System Compliance › Page: /auth/forgot-password › validates letter spacing standards (764ms)
  ✓  254 [chromium] › tests/design-system.spec.js:240:7 › Design System Compliance › Page: /auth/forgot-password › validates text line length (50-75 characters) (763ms)
⚠️  H1 is only 1.50x larger than body text (recommend 2x+) on /auth/forgot-password
  ✓  255 [chromium] › tests/design-system.spec.js:270:7 › Design System Compliance › Page: /auth/forgot-password › validates visual hierarchy (automated squint test) (736ms)
⚠️  Found 4 potential contrast issues on /auth/forgot-password
[
  {
    element: [32m'A'[39m,
    text: [32m'MMidtown BookCommunity Directo'[39m,
    contrast: [32m'27.7'[39m
  },
  { element: [32m'SPAN'[39m, text: [32m'Midtown Book'[39m, contrast: [32m'27.7'[39m },
  { element: [32m'A'[39m, text: [32m'Sign In'[39m, contrast: [32m'27.7'[39m }
]
  ✓  256 [chromium] › tests/design-system.spec.js:307:7 › Design System Compliance › Page: /auth/forgot-password › validates color contrast for readability (734ms)
  ✓  257 [chromium] › tests/design-system.spec.js:351:7 › Design System Compliance › Page: /auth/forgot-password › validates consistent section spacing (750ms)
⚠️  6 button padding issues on /auth/forgot-password
  ✓  258 [chromium] › tests/design-system.spec.js:385:7 › Design System Compliance › Page: /auth/forgot-password › validates CTAs are clearly visible (764ms)
⚠️  H1 is 24px on mobile (recommend ≥28px) on /auth/forgot-password
  ✓  259 [chromium] › tests/design-system.spec.js:423:7 › Design System Compliance › Page: /auth/forgot-password › validates responsive typography on mobile (775ms)
  ✓  260 [chromium] › tests/design-system.spec.js:453:7 › Design System Compliance › Page: /auth/forgot-password › validates subtle shadows on cards (746ms)
⚠️  Found 1 8-point grid violations on /auth/reset-password
[ { element: [32m'H3'[39m, property: [32m'marginBottom'[39m, value: [32m'12px'[39m } ]
  ✓  261 [chromium] › tests/design-system.spec.js:87:7 › Design System Compliance › Page: /auth/reset-password › validates 8-point grid spacing (1.1s)
⚠️  5 header line-height issues on /auth/reset-password
  ✓  262 [chromium] › tests/design-system.spec.js:133:7 › Design System Compliance › Page: /auth/reset-password › validates line height ratios (777ms)
  ✓  263 [chromium] › tests/design-system.spec.js:191:7 › Design System Compliance › Page: /auth/reset-password › validates letter spacing standards (768ms)
  ✓  264 [chromium] › tests/design-system.spec.js:240:7 › Design System Compliance › Page: /auth/reset-password › validates text line length (50-75 characters) (757ms)
⚠️  H1 is only 1.50x larger than body text (recommend 2x+) on /auth/reset-password
  ✓  265 [chromium] › tests/design-system.spec.js:270:7 › Design System Compliance › Page: /auth/reset-password › validates visual hierarchy (automated squint test) (737ms)
⚠️  Found 4 potential contrast issues on /auth/reset-password
[
  {
    element: [32m'A'[39m,
    text: [32m'MMidtown BookCommunity Directo'[39m,
    contrast: [32m'27.7'[39m
  },
  { element: [32m'SPAN'[39m, text: [32m'Midtown Book'[39m, contrast: [32m'27.7'[39m },
  { element: [32m'A'[39m, text: [32m'Sign In'[39m, contrast: [32m'27.7'[39m }
]
  ✓  266 [chromium] › tests/design-system.spec.js:307:7 › Design System Compliance › Page: /auth/reset-password › validates color contrast for readability (741ms)
  ✓  267 [chromium] › tests/design-system.spec.js:351:7 › Design System Compliance › Page: /auth/reset-password › validates consistent section spacing (750ms)
⚠️  10 button padding issues on /auth/reset-password
  ✓  268 [chromium] › tests/design-system.spec.js:385:7 › Design System Compliance › Page: /auth/reset-password › validates CTAs are clearly visible (768ms)
⚠️  H1 is 24px on mobile (recommend ≥28px) on /auth/reset-password
  ✓  269 [chromium] › tests/design-system.spec.js:423:7 › Design System Compliance › Page: /auth/reset-password › validates responsive typography on mobile (778ms)
  ✓  270 [chromium] › tests/design-system.spec.js:453:7 › Design System Compliance › Page: /auth/reset-password › validates subtle shadows on cards (748ms)
⚠️  Found 1 8-point grid violations on /auth/verify-email
[ { element: [32m'H3'[39m, property: [32m'marginBottom'[39m, value: [32m'12px'[39m } ]
  ✓  271 [chromium] › tests/design-system.spec.js:87:7 › Design System Compliance › Page: /auth/verify-email › validates 8-point grid spacing (1.1s)
⚠️  5 header line-height issues on /auth/verify-email
  ✓  272 [chromium] › tests/design-system.spec.js:133:7 › Design System Compliance › Page: /auth/verify-email › validates line height ratios (772ms)
  ✓  273 [chromium] › tests/design-system.spec.js:191:7 › Design System Compliance › Page: /auth/verify-email › validates letter spacing standards (763ms)
  ✓  274 [chromium] › tests/design-system.spec.js:240:7 › Design System Compliance › Page: /auth/verify-email › validates text line length (50-75 characters) (754ms)
⚠️  H1 is only 1.50x larger than body text (recommend 2x+) on /auth/verify-email
  ✓  275 [chromium] › tests/design-system.spec.js:270:7 › Design System Compliance › Page: /auth/verify-email › validates visual hierarchy (automated squint test) (735ms)
⚠️  Found 6 potential contrast issues on /auth/verify-email
[
  {
    element: [32m'A'[39m,
    text: [32m'MMidtown BookCommunity Directo'[39m,
    contrast: [32m'27.7'[39m
  },
  { element: [32m'SPAN'[39m, text: [32m'Midtown Book'[39m, contrast: [32m'27.7'[39m },
  { element: [32m'A'[39m, text: [32m'Sign In'[39m, contrast: [32m'27.7'[39m }
]
  ✓  276 [chromium] › tests/design-system.spec.js:307:7 › Design System Compliance › Page: /auth/verify-email › validates color contrast for readability (734ms)
  ✓  277 [chromium] › tests/design-system.spec.js:351:7 › Design System Compliance › Page: /auth/verify-email › validates consistent section spacing (741ms)
⚠️  6 button padding issues on /auth/verify-email
  ✓  278 [chromium] › tests/design-system.spec.js:385:7 › Design System Compliance › Page: /auth/verify-email › validates CTAs are clearly visible (757ms)
⚠️  H1 is 24px on mobile (recommend ≥28px) on /auth/verify-email
  ✓  279 [chromium] › tests/design-system.spec.js:423:7 › Design System Compliance › Page: /auth/verify-email › validates responsive typography on mobile (776ms)
  ✓  280 [chromium] › tests/design-system.spec.js:453:7 › Design System Compliance › Page: /auth/verify-email › validates subtle shadows on cards (746ms)
  ✓  281 [chromium] › tests/design-system.spec.js:87:7 › Design System Compliance › Page: /profile › validates 8-point grid spacing (1.1s)
⚠️  4 header line-height issues on /profile
⚠️  4 body line-height issues on /profile
  ✓  282 [chromium] › tests/design-system.spec.js:133:7 › Design System Compliance › Page: /profile › validates line height ratios (1.2s)
  ✓  283 [chromium] › tests/design-system.spec.js:191:7 › Design System Compliance › Page: /profile › validates letter spacing standards (780ms)
  ✓  284 [chromium] › tests/design-system.spec.js:240:7 › Design System Compliance › Page: /profile › validates text line length (50-75 characters) (781ms)
⚠️  H1 is only 1.88x larger than body text (recommend 2x+) on /profile
  ✓  285 [chromium] › tests/design-system.spec.js:270:7 › Design System Compliance › Page: /profile › validates visual hierarchy (automated squint test) (748ms)
⚠️  Found 5 potential contrast issues on /profile
[
  {
    element: [32m'A'[39m,
    text: [32m'MMidtown BookCommunity Directo'[39m,
    contrast: [32m'27.7'[39m
  },
  { element: [32m'SPAN'[39m, text: [32m'Midtown Book'[39m, contrast: [32m'27.7'[39m },
  { element: [32m'A'[39m, text: [32m'Sign In'[39m, contrast: [32m'27.7'[39m }
]
  ✓  286 [chromium] › tests/design-system.spec.js:307:7 › Design System Compliance › Page: /profile › validates color contrast for readability (763ms)
  ✓  287 [chromium] › tests/design-system.spec.js:351:7 › Design System Compliance › Page: /profile › validates consistent section spacing (757ms)
⚠️  16 button padding issues on /profile
  ✓  288 [chromium] › tests/design-system.spec.js:385:7 › Design System Compliance › Page: /profile › validates CTAs are clearly visible (790ms)
  ✓  289 [chromium] › tests/design-system.spec.js:423:7 › Design System Compliance › Page: /profile › validates responsive typography on mobile (784ms)
  ✓  290 [chromium] › tests/design-system.spec.js:453:7 › Design System Compliance › Page: /profile › validates subtle shadows on cards (753ms)
⚠️  Found 4 8-point grid violations on /dashboard
[
  { element: [32m'P'[39m, property: [32m'paddingTop'[39m, value: [32m'12px'[39m },
  { element: [32m'P'[39m, property: [32m'paddingBottom'[39m, value: [32m'12px'[39m },
  { element: [32m'P'[39m, property: [32m'paddingLeft'[39m, value: [32m'12px'[39m },
  { element: [32m'P'[39m, property: [32m'paddingRight'[39m, value: [32m'12px'[39m }
]
  ✓  291 [chromium] › tests/design-system.spec.js:87:7 › Design System Compliance › Page: /dashboard › validates 8-point grid spacing (1.8s)
⚠️  1 header line-height issues on /dashboard
⚠️  1 body line-height issues on /dashboard
  ✓  292 [chromium] › tests/design-system.spec.js:133:7 › Design System Compliance › Page: /dashboard › validates line height ratios (1.0s)
  ✓  293 [chromium] › tests/design-system.spec.js:191:7 › Design System Compliance › Page: /dashboard › validates letter spacing standards (1.0s)
⚠️  2 paragraphs exceed maximum readable width on /dashboard
  ✓  294 [chromium] › tests/design-system.spec.js:240:7 › Design System Compliance › Page: /dashboard › validates text line length (50-75 characters) (992ms)
  ✓  295 [chromium] › tests/design-system.spec.js:270:7 › Design System Compliance › Page: /dashboard › validates visual hierarchy (automated squint test) (969ms)
⚠️  Found 1 potential contrast issues on /dashboard
[
  {
    element: [32m'H2'[39m,
    text: [32m'Application error: a client-si'[39m,
    contrast: [32m'0.0'[39m
  }
]
  ✓  296 [chromium] › tests/design-system.spec.js:307:7 › Design System Compliance › Page: /dashboard › validates color contrast for readability (961ms)
  ✓  297 [chromium] › tests/design-system.spec.js:351:7 › Design System Compliance › Page: /dashboard › validates consistent section spacing (969ms)
⚠️  20 button padding issues on /dashboard
  ✓  298 [chromium] › tests/design-system.spec.js:385:7 › Design System Compliance › Page: /dashboard › validates CTAs are clearly visible (1.0s)
  ✓  299 [chromium] › tests/design-system.spec.js:423:7 › Design System Compliance › Page: /dashboard › validates responsive typography on mobile (995ms)
  ✓  300 [chromium] › tests/design-system.spec.js:453:7 › Design System Compliance › Page: /dashboard › validates subtle shadows on cards (1.1s)
  ✓  301 [chromium] › tests/design-system.spec.js:87:7 › Design System Compliance › Page: /dashboard/settings › validates 8-point grid spacing (1.5s)
  ✓  302 [chromium] › tests/design-system.spec.js:133:7 › Design System Compliance › Page: /dashboard/settings › validates line height ratios (769ms)
  ✓  303 [chromium] › tests/design-system.spec.js:191:7 › Design System Compliance › Page: /dashboard/settings › validates letter spacing standards (771ms)
⚠️  1 paragraphs exceed maximum readable width on /dashboard/settings
  ✓  304 [chromium] › tests/design-system.spec.js:240:7 › Design System Compliance › Page: /dashboard/settings › validates text line length (50-75 characters) (751ms)
⚠️  H1 is only 1.88x larger than body text (recommend 2x+) on /dashboard/settings
  ✓  305 [chromium] › tests/design-system.spec.js:270:7 › Design System Compliance › Page: /dashboard/settings › validates visual hierarchy (automated squint test) (729ms)
⚠️  Found 4 potential contrast issues on /dashboard/settings
[
  {
    element: [32m'A'[39m,
    text: [32m'MMidtown BookCommunity Directo'[39m,
    contrast: [32m'27.7'[39m
  },
  { element: [32m'SPAN'[39m, text: [32m'Midtown Book'[39m, contrast: [32m'27.7'[39m },
  { element: [32m'A'[39m, text: [32m'Sign In'[39m, contrast: [32m'27.7'[39m }
]
  ✓  306 [chromium] › tests/design-system.spec.js:307:7 › Design System Compliance › Page: /dashboard/settings › validates color contrast for readability (738ms)
  ✓  307 [chromium] › tests/design-system.spec.js:351:7 › Design System Compliance › Page: /dashboard/settings › validates consistent section spacing (744ms)
⚠️  16 button padding issues on /dashboard/settings
  ✓  308 [chromium] › tests/design-system.spec.js:385:7 › Design System Compliance › Page: /dashboard/settings › validates CTAs are clearly visible (771ms)
  ✓  309 [chromium] › tests/design-system.spec.js:423:7 › Design System Compliance › Page: /dashboard/settings › validates responsive typography on mobile (763ms)
  ✓  310 [chromium] › tests/design-system.spec.js:453:7 › Design System Compliance › Page: /dashboard/settings › validates subtle shadows on cards (745ms)
⚠️  Found 4 8-point grid violations on /dashboard/analytics
[
  { element: [32m'P'[39m, property: [32m'marginBottom'[39m, value: [32m'4px'[39m },
  { element: [32m'P'[39m, property: [32m'marginBottom'[39m, value: [32m'4px'[39m },
  { element: [32m'P'[39m, property: [32m'marginBottom'[39m, value: [32m'4px'[39m },
  { element: [32m'P'[39m, property: [32m'marginBottom'[39m, value: [32m'4px'[39m }
]
  ✓  311 [chromium] › tests/design-system.spec.js:87:7 › Design System Compliance › Page: /dashboard/analytics › validates 8-point grid spacing (1.2s)
  ✓  312 [chromium] › tests/design-system.spec.js:133:7 › Design System Compliance › Page: /dashboard/analytics › validates line height ratios (796ms)
  ✓  313 [chromium] › tests/design-system.spec.js:191:7 › Design System Compliance › Page: /dashboard/analytics › validates letter spacing standards (788ms)
  ✓  314 [chromium] › tests/design-system.spec.js:240:7 › Design System Compliance › Page: /dashboard/analytics › validates text line length (50-75 characters) (779ms)
⚠️  H1 is only 1.88x larger than body text (recommend 2x+) on /dashboard/analytics
  ✓  315 [chromium] › tests/design-system.spec.js:270:7 › Design System Compliance › Page: /dashboard/analytics › validates visual hierarchy (automated squint test) (767ms)
⚠️  Found 5 potential contrast issues on /dashboard/analytics
[
  {
    element: [32m'A'[39m,
    text: [32m'MMidtown BookCommunity Directo'[39m,
    contrast: [32m'27.7'[39m
  },
  { element: [32m'SPAN'[39m, text: [32m'Midtown Book'[39m, contrast: [32m'27.7'[39m },
  { element: [32m'A'[39m, text: [32m'Sign In'[39m, contrast: [32m'27.7'[39m }
]
  ✓  316 [chromium] › tests/design-system.spec.js:307:7 › Design System Compliance › Page: /dashboard/analytics › validates color contrast for readability (762ms)
  ✓  317 [chromium] › tests/design-system.spec.js:351:7 › Design System Compliance › Page: /dashboard/analytics › validates consistent section spacing (774ms)
⚠️  13 button padding issues on /dashboard/analytics
  ✓  318 [chromium] › tests/design-system.spec.js:385:7 › Design System Compliance › Page: /dashboard/analytics › validates CTAs are clearly visible (796ms)
  ✓  319 [chromium] › tests/design-system.spec.js:423:7 › Design System Compliance › Page: /dashboard/analytics › validates responsive typography on mobile (792ms)
  ✓  320 [chromium] › tests/design-system.spec.js:453:7 › Design System Compliance › Page: /dashboard/analytics › validates subtle shadows on cards (774ms)
⚠️  Found 4 8-point grid violations on /dashboard/events
[
  { element: [32m'P'[39m, property: [32m'paddingTop'[39m, value: [32m'12px'[39m },
  { element: [32m'P'[39m, property: [32m'paddingBottom'[39m, value: [32m'12px'[39m },
  { element: [32m'P'[39m, property: [32m'paddingLeft'[39m, value: [32m'12px'[39m },
  { element: [32m'P'[39m, property: [32m'paddingRight'[39m, value: [32m'12px'[39m }
]
  ✓  321 [chromium] › tests/design-system.spec.js:87:7 › Design System Compliance › Page: /dashboard/events › validates 8-point grid spacing (1.5s)
⚠️  1 header line-height issues on /dashboard/events
⚠️  1 body line-height issues on /dashboard/events
  ✓  322 [chromium] › tests/design-system.spec.js:133:7 › Design System Compliance › Page: /dashboard/events › validates line height ratios (1.0s)
  ✓  323 [chromium] › tests/design-system.spec.js:191:7 › Design System Compliance › Page: /dashboard/events › validates letter spacing standards (1.0s)
⚠️  2 paragraphs exceed maximum readable width on /dashboard/events
  ✓  324 [chromium] › tests/design-system.spec.js:240:7 › Design System Compliance › Page: /dashboard/events › validates text line length (50-75 characters) (1.0s)
  ✓  325 [chromium] › tests/design-system.spec.js:270:7 › Design System Compliance › Page: /dashboard/events › validates visual hierarchy (automated squint test) (1.0s)
⚠️  Found 1 potential contrast issues on /dashboard/events
[
  {
    element: [32m'H2'[39m,
    text: [32m'Application error: a client-si'[39m,
    contrast: [32m'0.0'[39m
  }
]
  ✓  326 [chromium] › tests/design-system.spec.js:307:7 › Design System Compliance › Page: /dashboard/events › validates color contrast for readability (994ms)
  ✓  327 [chromium] › tests/design-system.spec.js:351:7 › Design System Compliance › Page: /dashboard/events › validates consistent section spacing (1.0s)
⚠️  20 button padding issues on /dashboard/events
  ✓  328 [chromium] › tests/design-system.spec.js:385:7 › Design System Compliance › Page: /dashboard/events › validates CTAs are clearly visible (1.0s)
  ✓  329 [chromium] › tests/design-system.spec.js:423:7 › Design System Compliance › Page: /dashboard/events › validates responsive typography on mobile (1.1s)
  ✓  330 [chromium] › tests/design-system.spec.js:453:7 › Design System Compliance › Page: /dashboard/events › validates subtle shadows on cards (1.0s)
⚠️  Found 1 8-point grid violations on /dashboard/events/new
[ { element: [32m'H3'[39m, property: [32m'marginBottom'[39m, value: [32m'4px'[39m } ]
  ✓  331 [chromium] › tests/design-system.spec.js:87:7 › Design System Compliance › Page: /dashboard/events/new › validates 8-point grid spacing (1.1s)
⚠️  3 header line-height issues on /dashboard/events/new
  ✓  332 [chromium] › tests/design-system.spec.js:133:7 › Design System Compliance › Page: /dashboard/events/new › validates line height ratios (772ms)
  ✓  333 [chromium] › tests/design-system.spec.js:191:7 › Design System Compliance › Page: /dashboard/events/new › validates letter spacing standards (763ms)
⚠️  1 paragraphs exceed maximum readable width on /dashboard/events/new
  ✓  334 [chromium] › tests/design-system.spec.js:240:7 › Design System Compliance › Page: /dashboard/events/new › validates text line length (50-75 characters) (763ms)
⚠️  H1 is only 1.88x larger than body text (recommend 2x+) on /dashboard/events/new
⚠️  H2 is only 1.25x larger than body text (recommend 1.5x+) on /dashboard/events/new
  ✓  335 [chromium] › tests/design-system.spec.js:270:7 › Design System Compliance › Page: /dashboard/events/new › validates visual hierarchy (automated squint test) (755ms)
⚠️  Found 6 potential contrast issues on /dashboard/events/new
[
  {
    element: [32m'A'[39m,
    text: [32m'MMidtown BookCommunity Directo'[39m,
    contrast: [32m'27.7'[39m
  },
  { element: [32m'SPAN'[39m, text: [32m'Midtown Book'[39m, contrast: [32m'27.7'[39m },
  { element: [32m'A'[39m, text: [32m'Sign In'[39m, contrast: [32m'27.7'[39m }
]
  ✓  336 [chromium] › tests/design-system.spec.js:307:7 › Design System Compliance › Page: /dashboard/events/new › validates color contrast for readability (742ms)
  ✓  337 [chromium] › tests/design-system.spec.js:351:7 › Design System Compliance › Page: /dashboard/events/new › validates consistent section spacing (741ms)
⚠️  10 button padding issues on /dashboard/events/new
  ✓  338 [chromium] › tests/design-system.spec.js:385:7 › Design System Compliance › Page: /dashboard/events/new › validates CTAs are clearly visible (763ms)
  ✓  339 [chromium] › tests/design-system.spec.js:423:7 › Design System Compliance › Page: /dashboard/events/new › validates responsive typography on mobile (759ms)
  ✓  340 [chromium] › tests/design-system.spec.js:453:7 › Design System Compliance › Page: /dashboard/events/new › validates subtle shadows on cards (740ms)
⚠️  Found 4 8-point grid violations on /dashboard/deals
[
  { element: [32m'P'[39m, property: [32m'paddingTop'[39m, value: [32m'12px'[39m },
  { element: [32m'P'[39m, property: [32m'paddingBottom'[39m, value: [32m'12px'[39m },
  { element: [32m'P'[39m, property: [32m'paddingLeft'[39m, value: [32m'12px'[39m },
  { element: [32m'P'[39m, property: [32m'paddingRight'[39m, value: [32m'12px'[39m }
]
  ✓  341 [chromium] › tests/design-system.spec.js:87:7 › Design System Compliance › Page: /dashboard/deals › validates 8-point grid spacing (1.5s)
⚠️  1 header line-height issues on /dashboard/deals
⚠️  1 body line-height issues on /dashboard/deals
  ✓  342 [chromium] › tests/design-system.spec.js:133:7 › Design System Compliance › Page: /dashboard/deals › validates line height ratios (1.0s)
  ✓  343 [chromium] › tests/design-system.spec.js:191:7 › Design System Compliance › Page: /dashboard/deals › validates letter spacing standards (1.0s)
⚠️  2 paragraphs exceed maximum readable width on /dashboard/deals
  ✓  344 [chromium] › tests/design-system.spec.js:240:7 › Design System Compliance › Page: /dashboard/deals › validates text line length (50-75 characters) (1.0s)
  ✓  345 [chromium] › tests/design-system.spec.js:270:7 › Design System Compliance › Page: /dashboard/deals › validates visual hierarchy (automated squint test) (1.0s)
⚠️  Found 1 potential contrast issues on /dashboard/deals
[
  {
    element: [32m'H2'[39m,
    text: [32m'Application error: a client-si'[39m,
    contrast: [32m'0.0'[39m
  }
]
  ✓  346 [chromium] › tests/design-system.spec.js:307:7 › Design System Compliance › Page: /dashboard/deals › validates color contrast for readability (1.0s)
  ✓  347 [chromium] › tests/design-system.spec.js:351:7 › Design System Compliance › Page: /dashboard/deals › validates consistent section spacing (1.0s)
⚠️  20 button padding issues on /dashboard/deals
  ✓  348 [chromium] › tests/design-system.spec.js:385:7 › Design System Compliance › Page: /dashboard/deals › validates CTAs are clearly visible (1.0s)
  ✓  349 [chromium] › tests/design-system.spec.js:423:7 › Design System Compliance › Page: /dashboard/deals › validates responsive typography on mobile (1.0s)
  ✓  350 [chromium] › tests/design-system.spec.js:453:7 › Design System Compliance › Page: /dashboard/deals › validates subtle shadows on cards (1.0s)
⚠️  Found 3 8-point grid violations on /dashboard/deals/new
[
  { element: [32m'H3'[39m, property: [32m'marginBottom'[39m, value: [32m'4px'[39m },
  { element: [32m'P'[39m, property: [32m'marginTop'[39m, value: [32m'12px'[39m },
  { element: [32m'H3'[39m, property: [32m'marginBottom'[39m, value: [32m'12px'[39m }
]
  ✓  351 [chromium] › tests/design-system.spec.js:87:7 › Design System Compliance › Page: /dashboard/deals/new › validates 8-point grid spacing (1.1s)
⚠️  4 header line-height issues on /dashboard/deals/new
  ✓  352 [chromium] › tests/design-system.spec.js:133:7 › Design System Compliance › Page: /dashboard/deals/new › validates line height ratios (772ms)
  ✓  353 [chromium] › tests/design-system.spec.js:191:7 › Design System Compliance › Page: /dashboard/deals/new › validates letter spacing standards (746ms)
⚠️  1 paragraphs exceed maximum readable width on /dashboard/deals/new
  ✓  354 [chromium] › tests/design-system.spec.js:240:7 › Design System Compliance › Page: /dashboard/deals/new › validates text line length (50-75 characters) (756ms)
⚠️  H1 is only 1.88x larger than body text (recommend 2x+) on /dashboard/deals/new
⚠️  H2 is only 1.25x larger than body text (recommend 1.5x+) on /dashboard/deals/new
  ✓  355 [chromium] › tests/design-system.spec.js:270:7 › Design System Compliance › Page: /dashboard/deals/new › validates visual hierarchy (automated squint test) (743ms)
⚠️  Found 6 potential contrast issues on /dashboard/deals/new
[
  {
    element: [32m'A'[39m,
    text: [32m'MMidtown BookCommunity Directo'[39m,
    contrast: [32m'27.7'[39m
  },
  { element: [32m'SPAN'[39m, text: [32m'Midtown Book'[39m, contrast: [32m'27.7'[39m },
  { element: [32m'A'[39m, text: [32m'Sign In'[39m, contrast: [32m'27.7'[39m }
]
  ✓  356 [chromium] › tests/design-system.spec.js:307:7 › Design System Compliance › Page: /dashboard/deals/new › validates color contrast for readability (736ms)
  ✓  357 [chromium] › tests/design-system.spec.js:351:7 › Design System Compliance › Page: /dashboard/deals/new › validates consistent section spacing (749ms)
⚠️  9 button padding issues on /dashboard/deals/new
  ✓  358 [chromium] › tests/design-system.spec.js:385:7 › Design System Compliance › Page: /dashboard/deals/new › validates CTAs are clearly visible (764ms)
  ✓  359 [chromium] › tests/design-system.spec.js:423:7 › Design System Compliance › Page: /dashboard/deals/new › validates responsive typography on mobile (758ms)
  ✓  360 [chromium] › tests/design-system.spec.js:453:7 › Design System Compliance › Page: /dashboard/deals/new › validates subtle shadows on cards (739ms)
⚠️  Found 4 8-point grid violations on /dashboard/reviews
[
  { element: [32m'P'[39m, property: [32m'marginBottom'[39m, value: [32m'4px'[39m },
  { element: [32m'P'[39m, property: [32m'marginBottom'[39m, value: [32m'4px'[39m },
  { element: [32m'P'[39m, property: [32m'marginBottom'[39m, value: [32m'4px'[39m },
  { element: [32m'P'[39m, property: [32m'marginBottom'[39m, value: [32m'4px'[39m }
]
  ✓  361 [chromium] › tests/design-system.spec.js:87:7 › Design System Compliance › Page: /dashboard/reviews › validates 8-point grid spacing (1.6s)
⚠️  9 header line-height issues on /dashboard/reviews
  ✓  362 [chromium] › tests/design-system.spec.js:133:7 › Design System Compliance › Page: /dashboard/reviews › validates line height ratios (1.1s)
  ✓  363 [chromium] › tests/design-system.spec.js:191:7 › Design System Compliance › Page: /dashboard/reviews › validates letter spacing standards (1.1s)
⚠️  1 paragraphs exceed maximum readable width on /dashboard/reviews
  ✓  364 [chromium] › tests/design-system.spec.js:240:7 › Design System Compliance › Page: /dashboard/reviews › validates text line length (50-75 characters) (1.1s)
⚠️  H1 is only 1.88x larger than body text (recommend 2x+) on /dashboard/reviews
  ✓  365 [chromium] › tests/design-system.spec.js:270:7 › Design System Compliance › Page: /dashboard/reviews › validates visual hierarchy (automated squint test) (1.0s)
⚠️  Found 5 potential contrast issues on /dashboard/reviews
[
  {
    element: [32m'A'[39m,
    text: [32m'MMidtown BookCommunity Directo'[39m,
    contrast: [32m'27.7'[39m
  },
  { element: [32m'SPAN'[39m, text: [32m'Midtown Book'[39m, contrast: [32m'27.7'[39m },
  { element: [32m'A'[39m, text: [32m'Sign In'[39m, contrast: [32m'27.7'[39m }
]
  ✓  366 [chromium] › tests/design-system.spec.js:307:7 › Design System Compliance › Page: /dashboard/reviews › validates color contrast for readability (1.0s)
  ✓  367 [chromium] › tests/design-system.spec.js:351:7 › Design System Compliance › Page: /dashboard/reviews › validates consistent section spacing (1.1s)
⚠️  17 button padding issues on /dashboard/reviews
  ✓  368 [chromium] › tests/design-system.spec.js:385:7 › Design System Compliance › Page: /dashboard/reviews › validates CTAs are clearly visible (1.1s)
  ✓  369 [chromium] › tests/design-system.spec.js:423:7 › Design System Compliance › Page: /dashboard/reviews › validates responsive typography on mobile (1.1s)
  ✓  370 [chromium] › tests/design-system.spec.js:453:7 › Design System Compliance › Page: /dashboard/reviews › validates subtle shadows on cards (1.0s)
  ✓  371 [chromium] › tests/design-system.spec.js:87:7 › Design System Compliance › Page: /admin › validates 8-point grid spacing (1.0s)
  ✓  372 [chromium] › tests/design-system.spec.js:133:7 › Design System Compliance › Page: /admin › validates line height ratios (745ms)
  ✓  373 [chromium] › tests/design-system.spec.js:191:7 › Design System Compliance › Page: /admin › validates letter spacing standards (758ms)
  ✓  374 [chromium] › tests/design-system.spec.js:240:7 › Design System Compliance › Page: /admin › validates text line length (50-75 characters) (745ms)
  ✓  375 [chromium] › tests/design-system.spec.js:270:7 › Design System Compliance › Page: /admin › validates visual hierarchy (automated squint test) (723ms)
⚠️  Found 5 potential contrast issues on /admin
[
  {
    element: [32m'A'[39m,
    text: [32m'MMidtown BookCommunity Directo'[39m,
    contrast: [32m'27.7'[39m
  },
  { element: [32m'SPAN'[39m, text: [32m'Midtown Book'[39m, contrast: [32m'27.7'[39m },
  { element: [32m'A'[39m, text: [32m'Sign In'[39m, contrast: [32m'27.7'[39m }
]
  ✓  376 [chromium] › tests/design-system.spec.js:307:7 › Design System Compliance › Page: /admin › validates color contrast for readability (736ms)
  ✓  377 [chromium] › tests/design-system.spec.js:351:7 › Design System Compliance › Page: /admin › validates consistent section spacing (737ms)
⚠️  7 button padding issues on /admin
  ✓  378 [chromium] › tests/design-system.spec.js:385:7 › Design System Compliance › Page: /admin › validates CTAs are clearly visible (752ms)
  ✓  379 [chromium] › tests/design-system.spec.js:423:7 › Design System Compliance › Page: /admin › validates responsive typography on mobile (747ms)
  ✓  380 [chromium] › tests/design-system.spec.js:453:7 › Design System Compliance › Page: /admin › validates subtle shadows on cards (733ms)
  ✓  381 [chromium] › tests/design-system.spec.js:87:7 › Design System Compliance › Page: /admin/users › validates 8-point grid spacing (743ms)
  ✓  382 [chromium] › tests/design-system.spec.js:133:7 › Design System Compliance › Page: /admin/users › validates line height ratios (745ms)
  ✓  383 [chromium] › tests/design-system.spec.js:191:7 › Design System Compliance › Page: /admin/users › validates letter spacing standards (749ms)
  ✓  384 [chromium] › tests/design-system.spec.js:240:7 › Design System Compliance › Page: /admin/users › validates text line length (50-75 characters) (743ms)
  ✓  385 [chromium] › tests/design-system.spec.js:270:7 › Design System Compliance › Page: /admin/users › validates visual hierarchy (automated squint test) (724ms)
⚠️  Found 5 potential contrast issues on /admin/users
[
  {
    element: [32m'A'[39m,
    text: [32m'MMidtown BookCommunity Directo'[39m,
    contrast: [32m'27.7'[39m
  },
  { element: [32m'SPAN'[39m, text: [32m'Midtown Book'[39m, contrast: [32m'27.7'[39m },
  { element: [32m'A'[39m, text: [32m'Sign In'[39m, contrast: [32m'27.7'[39m }
]
  ✓  386 [chromium] › tests/design-system.spec.js:307:7 › Design System Compliance › Page: /admin/users › validates color contrast for readability (732ms)
  ✓  387 [chromium] › tests/design-system.spec.js:351:7 › Design System Compliance › Page: /admin/users › validates consistent section spacing (727ms)
⚠️  7 button padding issues on /admin/users
  ✓  388 [chromium] › tests/design-system.spec.js:385:7 › Design System Compliance › Page: /admin/users › validates CTAs are clearly visible (758ms)
  ✓  389 [chromium] › tests/design-system.spec.js:423:7 › Design System Compliance › Page: /admin/users › validates responsive typography on mobile (750ms)
  ✓  390 [chromium] › tests/design-system.spec.js:453:7 › Design System Compliance › Page: /admin/users › validates subtle shadows on cards (734ms)
  ✓  391 [chromium] › tests/design-system.spec.js:87:7 › Design System Compliance › Page: /admin/moderation › validates 8-point grid spacing (743ms)
  ✓  392 [chromium] › tests/design-system.spec.js:133:7 › Design System Compliance › Page: /admin/moderation › validates line height ratios (745ms)
  ✓  393 [chromium] › tests/design-system.spec.js:191:7 › Design System Compliance › Page: /admin/moderation › validates letter spacing standards (750ms)
  ✓  394 [chromium] › tests/design-system.spec.js:240:7 › Design System Compliance › Page: /admin/moderation › validates text line length (50-75 characters) (754ms)
  ✓  395 [chromium] › tests/design-system.spec.js:270:7 › Design System Compliance › Page: /admin/moderation › validates visual hierarchy (automated squint test) (739ms)
⚠️  Found 5 potential contrast issues on /admin/moderation
[
  {
    element: [32m'A'[39m,
    text: [32m'MMidtown BookCommunity Directo'[39m,
    contrast: [32m'27.7'[39m
  },
  { element: [32m'SPAN'[39m, text: [32m'Midtown Book'[39m, contrast: [32m'27.7'[39m },
  { element: [32m'A'[39m, text: [32m'Sign In'[39m, contrast: [32m'27.7'[39m }
]
  ✓  396 [chromium] › tests/design-system.spec.js:307:7 › Design System Compliance › Page: /admin/moderation › validates color contrast for readability (739ms)
  ✓  397 [chromium] › tests/design-system.spec.js:351:7 › Design System Compliance › Page: /admin/moderation › validates consistent section spacing (743ms)
⚠️  7 button padding issues on /admin/moderation
  ✓  398 [chromium] › tests/design-system.spec.js:385:7 › Design System Compliance › Page: /admin/moderation › validates CTAs are clearly visible (759ms)
  ✓  399 [chromium] › tests/design-system.spec.js:423:7 › Design System Compliance › Page: /admin/moderation › validates responsive typography on mobile (748ms)
  ✓  400 [chromium] › tests/design-system.spec.js:453:7 › Design System Compliance › Page: /admin/moderation › validates subtle shadows on cards (734ms)
  ✓  401 [chromium] › tests/design-system.spec.js:87:7 › Design System Compliance › Page: /admin/businesses › validates 8-point grid spacing (744ms)
  ✓  402 [chromium] › tests/design-system.spec.js:133:7 › Design System Compliance › Page: /admin/businesses › validates line height ratios (744ms)
  ✓  403 [chromium] › tests/design-system.spec.js:191:7 › Design System Compliance › Page: /admin/businesses › validates letter spacing standards (749ms)
  ✓  404 [chromium] › tests/design-system.spec.js:240:7 › Design System Compliance › Page: /admin/businesses › validates text line length (50-75 characters) (741ms)
  ✓  405 [chromium] › tests/design-system.spec.js:270:7 › Design System Compliance › Page: /admin/businesses › validates visual hierarchy (automated squint test) (722ms)
⚠️  Found 5 potential contrast issues on /admin/businesses
[
  {
    element: [32m'A'[39m,
    text: [32m'MMidtown BookCommunity Directo'[39m,
    contrast: [32m'27.7'[39m
  },
  { element: [32m'SPAN'[39m, text: [32m'Midtown Book'[39m, contrast: [32m'27.7'[39m },
  { element: [32m'A'[39m, text: [32m'Sign In'[39m, contrast: [32m'27.7'[39m }
]
  ✓  406 [chromium] › tests/design-system.spec.js:307:7 › Design System Compliance › Page: /admin/businesses › validates color contrast for readability (727ms)
  ✓  407 [chromium] › tests/design-system.spec.js:351:7 › Design System Compliance › Page: /admin/businesses › validates consistent section spacing (737ms)
⚠️  7 button padding issues on /admin/businesses
  ✓  408 [chromium] › tests/design-system.spec.js:385:7 › Design System Compliance › Page: /admin/businesses › validates CTAs are clearly visible (759ms)
  ✓  409 [chromium] › tests/design-system.spec.js:423:7 › Design System Compliance › Page: /admin/businesses › validates responsive typography on mobile (749ms)
  ✓  410 [chromium] › tests/design-system.spec.js:453:7 › Design System Compliance › Page: /admin/businesses › validates subtle shadows on cards (714ms)
📸 Screenshot saved for / → tests/screenshots_.png
📸 Screenshot saved for /businesses → tests/screenshots_businesses.png
📸 Screenshot saved for /businesses/sunrise-cafe → tests/screenshots_businesses_sunrise-cafe.png
📸 Screenshot saved for /auth/login → tests/screenshots_auth_login.png
📸 Screenshot saved for /dashboard → tests/screenshots_dashboard.png
📸 Screenshot saved for /admin → tests/screenshots_admin.png
✅ Visual regression screenshots complete
   → Open screenshots and perform squint test manually
   → Headlines and CTAs should stand out when blurred
  ✓  411 [chromium] › tests/design-system.spec.js:496:3 › Visual Regression (Squint Test) › captures page screenshots for manual squint test (6.5s)

  Slow test file: [chromium] › tests/design-system.spec.js (6.2m)
  Consider running tests from slow files in parallel. See: https://playwright.dev/docs/test-parallel
  411 passed (6.3m)

To open last HTML report run:

  npx playwright show-report

